Component: ARM Compiler 5.06 update 1 (build 61) Tool: armlink [4d35a8]

==============================================================================

Section Cross References

    main.o(i.assert_nrf_callback) refers to app_error_handler_keil.o(.emb_text) for app_error_handler
    main.o(i.ble_evt_handler) refers to main.o(i.on_adv_report) for on_adv_report
    main.o(i.ble_evt_handler) refers to app_error_handler_keil.o(.emb_text) for app_error_handler
    main.o(i.ble_evt_handler) refers to nrf_log_frontend.o(i.nrf_log_frontend_std_1) for nrf_log_frontend_std_1
    main.o(i.ble_evt_handler) refers to ble_lbs_c.o(i.ble_lbs_c_handles_assign) for ble_lbs_c_handles_assign
    main.o(i.ble_evt_handler) refers to ble_db_discovery.o(i.ble_db_discovery_start) for ble_db_discovery_start
    main.o(i.ble_evt_handler) refers to boards.o(i.bsp_board_led_on) for bsp_board_led_on
    main.o(i.ble_evt_handler) refers to ble_conn_state.o(i.ble_conn_state_central_conn_count) for ble_conn_state_central_conn_count
    main.o(i.ble_evt_handler) refers to main.o(i.scan_start) for scan_start
    main.o(i.ble_evt_handler) refers to boards.o(i.bsp_board_led_off) for bsp_board_led_off
    main.o(i.ble_evt_handler) refers to nrf_log_frontend.o(i.nrf_log_frontend_std_2) for nrf_log_frontend_std_2
    main.o(i.ble_evt_handler) refers to app_button.o(i.app_button_disable) for app_button_disable
    main.o(i.ble_evt_handler) refers to main.o(.data) for .data
    main.o(i.ble_evt_handler) refers to nrf_log_frontend.o(log_dynamic_data) for m_nrf_log_app_logs_data_dynamic
    main.o(i.ble_evt_handler) refers to main.o(.bss) for .bss
    main.o(i.ble_evt_handler) refers to main.o(i.event_of_b) for event_of_b
    main.o(i.ble_evt_handler) refers to main.o(i.event_of_b1) for event_of_b1
    main.o(i.ble_evt_handler) refers to main.o(i.event_of_b2) for event_of_b2
    main.o(i.ble_evt_handler) refers to main.o(i.event_of_b3) for event_of_b3
    main.o(i.ble_stack_init) refers to nrf_sdh.o(i.nrf_sdh_enable_request) for nrf_sdh_enable_request
    main.o(i.ble_stack_init) refers to app_error_handler_keil.o(.emb_text) for app_error_handler
    main.o(i.ble_stack_init) refers to nrf_sdh_ble.o(i.nrf_sdh_ble_default_cfg_set) for nrf_sdh_ble_default_cfg_set
    main.o(i.ble_stack_init) refers to nrf_sdh_ble.o(i.nrf_sdh_ble_enable) for nrf_sdh_ble_enable
    main.o(i.ble_stack_init) refers to main.o(i.main) for i.main
    main.o(i.button_event_handler) refers to app_error_handler_keil.o(.emb_text) for app_error_handler
    main.o(i.button_event_handler) refers to main.o(i.led_status_send_to_two) for led_status_send_to_two
    main.o(i.button_event_handler) refers to nrf_log_frontend.o(i.nrf_log_frontend_std_1) for nrf_log_frontend_std_1
    main.o(i.button_event_handler) refers to nrf_log_frontend.o(log_dynamic_data) for m_nrf_log_app_logs_data_dynamic
    main.o(i.db_disc_handler) refers to ble_lbs_c.o(i.ble_lbs_on_db_disc_evt) for ble_lbs_on_db_disc_evt
    main.o(i.db_disc_handler) refers to main.o(.bss) for .bss
    main.o(i.event_of_b) refers to app_uart_fifo.o(i.app_uart_put) for app_uart_put
    main.o(i.event_of_b) refers to app_button.o(i.app_button_enable) for app_button_enable
    main.o(i.event_of_b) refers to app_error_handler_keil.o(.emb_text) for app_error_handler
    main.o(i.event_of_b) refers to ble_lbs_c.o(i.ble_lbs_c_button_notif_enable) for ble_lbs_c_button_notif_enable
    main.o(i.event_of_b1) refers to app_uart_fifo.o(i.app_uart_put) for app_uart_put
    main.o(i.event_of_b1) refers to app_button.o(i.app_button_enable) for app_button_enable
    main.o(i.event_of_b1) refers to app_error_handler_keil.o(.emb_text) for app_error_handler
    main.o(i.event_of_b1) refers to ble_lbs_c.o(i.ble_lbs_c_button_notif_enable) for ble_lbs_c_button_notif_enable
    main.o(i.event_of_b2) refers to app_uart_fifo.o(i.app_uart_put) for app_uart_put
    main.o(i.event_of_b2) refers to app_button.o(i.app_button_enable) for app_button_enable
    main.o(i.event_of_b2) refers to app_error_handler_keil.o(.emb_text) for app_error_handler
    main.o(i.event_of_b2) refers to ble_lbs_c.o(i.ble_lbs_c_button_notif_enable) for ble_lbs_c_button_notif_enable
    main.o(i.event_of_b3) refers to app_uart_fifo.o(i.app_uart_put) for app_uart_put
    main.o(i.event_of_b3) refers to app_button.o(i.app_button_enable) for app_button_enable
    main.o(i.event_of_b3) refers to app_error_handler_keil.o(.emb_text) for app_error_handler
    main.o(i.event_of_b3) refers to ble_lbs_c.o(i.ble_lbs_c_button_notif_enable) for ble_lbs_c_button_notif_enable
    main.o(i.led_status_send_to_two) refers to ble_lbs_c.o(i.ble_lbs_led_status_send) for ble_lbs_led_status_send
    main.o(i.led_status_send_to_two) refers to main.o(.bss) for .bss
    main.o(i.main) refers to nrf_log_frontend.o(i.nrf_log_init) for nrf_log_init
    main.o(i.main) refers to app_error_handler_keil.o(.emb_text) for app_error_handler
[...]
    m_stack_is_enabled                       0x20005037   Data           1  nrf_sdh_ble.o(.data)
    .data                                    0x20005038   Section        4  system_nrf52840.o(.data)
    __tagsym$$used                           0x20005038   Number         0  system_nrf52840.o(.data)
    log_dynamic_data                         0x2000503c   Section        4  ble_db_discovery.o(log_dynamic_data)
    __tagsym$$used                           0x2000503c   Number         0  ble_db_discovery.o(log_dynamic_data)
    log_dynamic_data                         0x20005040   Section        4  nrf_ble_gatt.o(log_dynamic_data)
    __tagsym$$used                           0x20005040   Number         0  nrf_ble_gatt.o(log_dynamic_data)
    log_dynamic_data                         0x20005044   Section        4  ble_lbs_c.o(log_dynamic_data)
    __tagsym$$used                           0x20005044   Number         0  ble_lbs_c.o(log_dynamic_data)
    log_dynamic_data                         0x20005048   Section        4  nrf_drv_clock.o(log_dynamic_data)
    __tagsym$$used                           0x20005048   Number         0  nrf_drv_clock.o(log_dynamic_data)
    log_dynamic_data                         0x2000504c   Section        4  nrfx_clock.o(log_dynamic_data)
    __tagsym$$used                           0x2000504c   Number         0  nrfx_clock.o(log_dynamic_data)
    log_dynamic_data                         0x20005050   Section        4  nrfx_gpiote.o(log_dynamic_data)
    __tagsym$$used                           0x20005050   Number         0  nrfx_gpiote.o(log_dynamic_data)
    log_dynamic_data                         0x20005054   Section        4  nrfx_prs.o(log_dynamic_data)
    __tagsym$$used                           0x20005054   Number         0  nrfx_prs.o(log_dynamic_data)
    log_dynamic_data                         0x20005058   Section        4  nrfx_uart.o(log_dynamic_data)
    __tagsym$$used                           0x20005058   Number         0  nrfx_uart.o(log_dynamic_data)
    log_dynamic_data                         0x2000505c   Section        4  nrfx_uarte.o(log_dynamic_data)
    __tagsym$$used                           0x2000505c   Number         0  nrfx_uarte.o(log_dynamic_data)
    log_dynamic_data                         0x20005060   Section        4  nrf_fstorage.o(log_dynamic_data)
    __tagsym$$used                           0x20005060   Number         0  nrf_fstorage.o(log_dynamic_data)
    log_dynamic_data                         0x20005064   Section        4  nrf_fstorage_sd.o(log_dynamic_data)
    __tagsym$$used                           0x20005064   Number         0  nrf_fstorage_sd.o(log_dynamic_data)
    log_dynamic_data                         0x20005068   Section        4  nrf_pwr_mgmt.o(log_dynamic_data)
    __tagsym$$used                           0x20005068   Number         0  nrf_pwr_mgmt.o(log_dynamic_data)
    log_dynamic_data                         0x2000506c   Section        8  nrf_log_frontend.o(log_dynamic_data)
    __tagsym$$used                           0x2000506c   Number         0  nrf_log_frontend.o(log_dynamic_data)
    __tagsym$$used                           0x20005070   Number         0  nrf_log_frontend.o(log_dynamic_data)
    log_dynamic_data                         0x20005074   Section        4  nrf_sdh.o(log_dynamic_data)
    __tagsym$$used                           0x20005074   Number         0  nrf_sdh.o(log_dynamic_data)
    log_dynamic_data                         0x20005078   Section        4  nrf_sdh_ble.o(log_dynamic_data)
    __tagsym$$used                           0x20005078   Number         0  nrf_sdh_ble.o(log_dynamic_data)
    log_dynamic_data                         0x2000507c   Section        4  nrf_sdh_soc.o(log_dynamic_data)
    __tagsym$$used                           0x2000507c   Number         0  nrf_sdh_soc.o(log_dynamic_data)
    .bss                                     0x20005080   Section      864  main.o(.bss)
    data_array                               0x20005080   Data         244  main.o(.bss)
    rx_buf                                   0x20005174   Data         256  main.o(.bss)
    tx_buf                                   0x20005274   Data         256  main.o(.bss)
    m_gatt                                   0x20005374   Data          44  main.o(.bss)
    m_lbs_c                                  0x200053a0   Data          64  main.o(.bss)
    .bss                                     0x200053e0   Section       31  main.o(.bss)
    m_scan_buffer_data                       0x200053e0   Data          31  main.o(.bss)
    .bss                                     0x200053ff   Section       12  bsp.o(.bss)
    m_events_list                            0x200053ff   Data          12  bsp.o(.bss)
    .bss                                     0x2000540c   Section      120  ble_conn_state.o(.bss)
    m_bcs                                    0x2000540c   Data         120  ble_conn_state.o(.bss)
    .bss                                     0x20005484   Section      792  ble_db_discovery.o(.bss)
    m_registered_handlers                    0x20005484   Data          24  ble_db_discovery.o(.bss)
    m_pending_user_evts                      0x2000549c   Data         768  ble_db_discovery.o(.bss)
    .bss                                     0x2000579c   Section      160  ble_lbs_c.o(.bss)
    m_tx_buffer                              0x2000579c   Data         160  ble_lbs_c.o(.bss)
    .bss                                     0x2000583c   Section       20  nrf_drv_clock.o(.bss)
    m_clock_cb                               0x2000583c   Data          20  nrf_drv_clock.o(.bss)
    .bss                                     0x20005850   Section      108  nrfx_gpiote.o(.bss)
    m_cb                                     0x20005850   Data         108  nrfx_gpiote.o(.bss)
    .bss                                     0x200058bc   Section       44  nrfx_uart.o(.bss)
    m_cb                                     0x200058bc   Data          44  nrfx_uart.o(.bss)
    .bss                                     0x200058e8   Section       36  nrfx_uarte.o(.bss)
    m_cb                                     0x200058e8   Data          36  nrfx_uarte.o(.bss)
    .bss                                     0x2000590c   Section       32  app_button.o(.bss)
    m_detection_delay_timer_id_data          0x2000590c   Data          32  app_button.o(.bss)
    .bss                                     0x2000592c   Section       32  app_error.o(.bss)
    m_error_data                             0x2000592c   Data          32  app_error.o(.bss)
    .bss                                     0x2000594c   Section      268  app_timer.o(.bss)
    m_op_queue                               0x2000594c   Data         268  app_timer.o(.bss)
    .bss                                     0x20005a58   Section       12  app_util_platform.o(.bss)
    .bss                                     0x20005a64   Section      160  nrf_fstorage_sd.o(.bss)
    m_fifo_data                              0x20005a64   Data         140  nrf_fstorage_sd.o(.bss)
    m_flags                                  0x20005af0   Data          20  nrf_fstorage_sd.o(.bss)
    .bss                                     0x20005b04   Section       12  nrf_pwr_mgmt.o(.bss)
    m_handlers_iter                          0x20005b04   Data          12  nrf_pwr_mgmt.o(.bss)
    .bss                                     0x20005b10   Section       32  app_uart_fifo.o(.bss)
    m_rx_fifo                                0x20005b10   Data          16  app_uart_fifo.o(.bss)
    m_tx_fifo                                0x20005b20   Data          16  app_uart_fifo.o(.bss)
    .bss                                     0x20005b30   Section       64  nrf_log_backend_rtt.o(.bss)
    m_string_buff                            0x20005b30   Data          64  nrf_log_backend_rtt.o(.bss)
    .bss                                     0x20005b70   Section      192  nrf_log_frontend.o(.bss)
    log_mempool_nrf_balloc_pool_mem          0x20005b70   Data         192  nrf_log_frontend.o(.bss)
    .bss                                     0x20005c30   Section     1060  nrf_log_frontend.o(.bss)
    m_log_data                               0x20005c30   Data        1060  nrf_log_frontend.o(.bss)
    .bss                                     0x20006054   Section      648  segger_rtt.o(.bss)
    _acUpBuffer                              0x200060cc   Data         512  segger_rtt.o(.bss)
    _acDownBuffer                            0x200062cc   Data          16  segger_rtt.o(.bss)
    STACK                                    0x200062e0   Section     8192  arm_startup_nrf52840.o(STACK)

    Global Symbols

    Symbol Name                              Value     Ov Type        Size  Object(Section)

    BuildAttributes$$THM_ISAv4$E$P$D$K$B$S$7EM$VFPi3$EXTD16$VFPS$VFMA$PE$A:L22UL41UL21$X:L11$S22US41US21$IEEE1$IW$USESV6$~STKCKD$USESV7$~SHL$OSPACE$EBA8$MICROLIB$REQ8$EABIv2 0x00000000   Number         0  anon$$obj.o ABSOLUTE
    __ARM_use_no_argv                        0x00000000   Number         0  main.o ABSOLUTE
    __use_no_errno                           0x00000000   Number         0  useno.o ABSOLUTE
    __use_no_exception_handling              0x00000000   Number         0  useno.o ABSOLUTE
    __use_no_fp                              0x00000000   Number         0  useno.o ABSOLUTE
    __use_no_heap                            0x00000000   Number         0  useno.o ABSOLUTE
    __use_no_heap_region                     0x00000000   Number         0  useno.o ABSOLUTE
    __use_no_semihosting                     0x00000000   Number         0  useno.o ABSOLUTE
    __use_no_semihosting_swi                 0x00000000   Number         0  useno.o ABSOLUTE
    __use_no_signal_handling                 0x00000000   Number         0  useno.o ABSOLUTE
    __cpp_initialize__aeabi_                  - Undefined Weak Reference
    __cxa_finalize                            - Undefined Weak Reference
    _clock_init                               - Undefined Weak Reference
    _microlib_exit                            - Undefined Weak Reference
    fs_data$$Base                             - Undefined Reference
    fs_data$$Limit                            - Undefined Reference
    pwr_mgmt_data0$$Base                      - Undefined Reference
    pwr_mgmt_data0$$Limit                     - Undefined Reference
    pwr_mgmt_data1$$Base                      - Undefined Reference
    pwr_mgmt_data1$$Limit                     - Undefined Reference
    pwr_mgmt_data2$$Base                      - Undefined Reference
    pwr_mgmt_data2$$Limit                     - Undefined Reference
    sdh_req_observers1$$Base                  - Undefined Reference
    sdh_req_observers1$$Limit                 - Undefined Reference
    sdh_soc_observers1$$Base                  - Undefined Reference
    sdh_soc_observers1$$Limit                 - Undefined Reference
    sdh_stack_observers1$$Base                - Undefined Reference
    sdh_stack_observers1$$Limit               - Undefined Reference
    sdh_state_observers1$$Base                - Undefined Reference
    sdh_state_observers1$$Limit               - Undefined Reference
    __Vectors_Size                           0x00000200   Number         0  arm_startup_nrf52840.o ABSOLUTE
    __Vectors                                0x00026000   Data           4  arm_startup_nrf52840.o(RESET)
    __Vectors_End                            0x00026200   Data           0  arm_startup_nrf52840.o(RESET)
    __main                                   0x00026201   Thumb Code     0  entry.o(.ARM.Collect$$$$00000000)
    _main_stk                                0x00026201   Thumb Code     0  entry2.o(.ARM.Collect$$$$00000001)
    _main_scatterload                        0x00026205   Thumb Code     0  entry5.o(.ARM.Collect$$$$00000004)
    __main_after_scatterload                 0x00026209   Thumb Code     0  entry5.o(.ARM.Collect$$$$00000004)
    _main_clock                              0x00026209   Thumb Code     0  entry7b.o(.ARM.Collect$$$$00000008)
    _main_cpp_init                           0x00026209   Thumb Code     0  entry8b.o(.ARM.Collect$$$$0000000A)
    _main_init                               0x00026209   Thumb Code     0  entry9a.o(.ARM.Collect$$$$0000000B)
    __rt_final_cpp                           0x00026211   Thumb Code     0  entry10a.o(.ARM.Collect$$$$0000000D)
    __rt_final_exit                          0x00026211   Thumb Code     0  entry11a.o(.ARM.Collect$$$$0000000F)
    app_error_handler                        0x00026215   Thumb Code    26  app_error_handler_keil.o(.emb_text)
    __asm___12_nrf_atfifo_c_51f461e1__nrf_atfifo_wspace_req 0x00026231   Thumb Code    56  nrf_atfifo.o(.emb_text)
    __asm___12_nrf_atfifo_c_51f461e1__nrf_atfifo_wspace_close 0x00026269   Thumb Code    18  nrf_atfifo.o(.emb_text)
    __asm___12_nrf_atfifo_c_51f461e1__nrf_atfifo_rspace_req 0x0002627b   Thumb Code    58  nrf_atfifo.o(.emb_text)
    __asm___12_nrf_atfifo_c_51f461e1__nrf_atfifo_rspace_close 0x000262b5   Thumb Code    18  nrf_atfifo.o(.emb_text)
    __asm___12_nrf_atfifo_c_51f461e1__nrf_atfifo_space_clear 0x000262c7   Thumb Code    50  nrf_atfifo.o(.emb_text)
    __asm___12_nrf_atomic_c_85ca2469__nrf_atomic_internal_mov 0x000262f9   Thumb Code    24  nrf_atomic.o(.emb_text)
    __asm___12_nrf_atomic_c_85ca2469__nrf_atomic_internal_orr 0x00026311   Thumb Code    26  nrf_atomic.o(.emb_text)
    __asm___12_nrf_atomic_c_85ca2469__nrf_atomic_internal_and 0x0002632b   Thumb Code    26  nrf_atomic.o(.emb_text)
    __asm___12_nrf_atomic_c_85ca2469__nrf_atomic_internal_eor 0x00026345   Thumb Code    26  nrf_atomic.o(.emb_text)
    __asm___12_nrf_atomic_c_85ca2469__nrf_atomic_internal_add 0x0002635f   Thumb Code    26  nrf_atomic.o(.emb_text)
    __asm___12_nrf_atomic_c_85ca2469__nrf_atomic_internal_sub 0x00026379   Thumb Code    26  nrf_atomic.o(.emb_text)
    __asm___12_nrf_atomic_c_85ca2469__nrf_atomic_internal_cmp_exch 0x00026393   Thumb Code    42  nrf_atomic.o(.emb_text)
    __asm___12_nrf_atomic_c_85ca2469__nrf_atomic_internal_sub_hs 0x000263bd   Thumb Code    30  nrf_atomic.o(.emb_text)
    Reset_Handler                            0x000263dd   Thumb Code     8  arm_startup_nrf52840.o(.text)
    NMI_Handler                              0x000263e5   Thumb Code     2  arm_startup_nrf52840.o(.text)
    HardFault_Handler                        0x000263e7   Thumb Code     2  arm_startup_nrf52840.o(.text)
    MemoryManagement_Handler                 0x000263e9   Thumb Code     2  arm_startup_nrf52840.o(.text)
    BusFault_Handler                         0x000263eb   Thumb Code     2  arm_startup_nrf52840.o(.text)
    UsageFault_Handler                       0x000263ed   Thumb Code     2  arm_startup_nrf52840.o(.text)
    SVC_Handler                              0x000263ef   Thumb Code     2  arm_startup_nrf52840.o(.text)
    DebugMon_Handler                         0x000263f1   Thumb Code     2  arm_startup_nrf52840.o(.text)
    PendSV_Handler                           0x000263f3   Thumb Code     2  arm_startup_nrf52840.o(.text)
    SysTick_Handler                          0x000263f5   Thumb Code     2  arm_startup_nrf52840.o(.text)
    CCM_AAR_IRQHandler                       0x000263f7   Thumb Code     0  arm_startup_nrf52840.o(.text)
    COMP_LPCOMP_IRQHandler                   0x000263f7   Thumb Code     0  arm_startup_nrf52840.o(.text)
    CRYPTOCELL_IRQHandler                    0x000263f7   Thumb Code     0  arm_startup_nrf52840.o(.text)
    ECB_IRQHandler                           0x000263f7   Thumb Code     0  arm_startup_nrf52840.o(.text)
    FPU_IRQHandler                           0x000263f7   Thumb Code     0  arm_startup_nrf52840.o(.text)
    I2S_IRQHandler                           0x000263f7   Thumb Code     0  arm_startup_nrf52840.o(.text)
    MWU_IRQHandler                           0x000263f7   Thumb Code     0  arm_startup_nrf52840.o(.text)
    NFCT_IRQHandler                          0x000263f7   Thumb Code     0  arm_startup_nrf52840.o(.text)
    PDM_IRQHandler                           0x000263f7   Thumb Code     0  arm_startup_nrf52840.o(.text)
    PWM0_IRQHandler                          0x000263f7   Thumb Code     0  arm_startup_nrf52840.o(.text)
    PWM1_IRQHandler                          0x000263f7   Thumb Code     0  arm_startup_nrf52840.o(.text)
    PWM2_IRQHandler                          0x000263f7   Thumb Code     0  arm_startup_nrf52840.o(.text)
    PWM3_IRQHandler                          0x000263f7   Thumb Code     0  arm_startup_nrf52840.o(.text)
    QDEC_IRQHandler                          0x000263f7   Thumb Code     0  arm_startup_nrf52840.o(.text)
    QSPI_IRQHandler                          0x000263f7   Thumb Code     0  arm_startup_nrf52840.o(.text)
    RADIO_IRQHandler                         0x000263f7   Thumb Code     0  arm_startup_nrf52840.o(.text)
    RNG_IRQHandler                           0x000263f7   Thumb Code     0  arm_startup_nrf52840.o(.text)
    RTC0_IRQHandler                          0x000263f7   Thumb Code     0  arm_startup_nrf52840.o(.text)
    RTC2_IRQHandler                          0x000263f7   Thumb Code     0  arm_startup_nrf52840.o(.text)
    SAADC_IRQHandler                         0x000263f7   Thumb Code     0  arm_startup_nrf52840.o(.text)
    SPIM0_SPIS0_TWIM0_TWIS0_SPI0_TWI0_IRQHandler 0x000263f7   Thumb Code     0  arm_startup_nrf52840.o(.text)
    SPIM1_SPIS1_TWIM1_TWIS1_SPI1_TWI1_IRQHandler 0x000263f7   Thumb Code     0  arm_startup_nrf52840.o(.text)
    SPIM2_SPIS2_SPI2_IRQHandler              0x000263f7   Thumb Code     0  arm_startup_nrf52840.o(.text)
    SPIM3_IRQHandler                         0x000263f7   Thumb Code     0  arm_startup_nrf52840.o(.text)
    SWI1_EGU1_IRQHandler                     0x000263f7   Thumb Code     0  arm_startup_nrf52840.o(.text)
    SWI3_EGU3_IRQHandler                     0x000263f7   Thumb Code     0  arm_startup_nrf52840.o(.text)
    SWI4_EGU4_IRQHandler                     0x000263f7   Thumb Code     0  arm_startup_nrf52840.o(.text)
    SWI5_EGU5_IRQHandler                     0x000263f7   Thumb Code     0  arm_startup_nrf52840.o(.text)
    TEMP_IRQHandler                          0x000263f7   Thumb Code     0  arm_startup_nrf52840.o(.text)
    TIMER0_IRQHandler                        0x000263f7   Thumb Code     0  arm_startup_nrf52840.o(.text)
    TIMER1_IRQHandler                        0x000263f7   Thumb Code     0  arm_startup_nrf52840.o(.text)
    TIMER2_IRQHandler                        0x000263f7   Thumb Code     0  arm_startup_nrf52840.o(.text)
    TIMER3_IRQHandler                        0x000263f7   Thumb Code     0  arm_startup_nrf52840.o(.text)
    TIMER4_IRQHandler                        0x000263f7   Thumb Code     0  arm_startup_nrf52840.o(.text)
    UARTE1_IRQHandler                        0x000263f7   Thumb Code     0  arm_startup_nrf52840.o(.text)
    USBD_IRQHandler                          0x000263f7   Thumb Code     0  arm_startup_nrf52840.o(.text)
    WDT_IRQHandler                           0x000263f7   Thumb Code     0  arm_startup_nrf52840.o(.text)
    __aeabi_llsl                             0x00026401   Thumb Code    30  llshl.o(.text)
    _ll_shift_l                              0x00026401   Thumb Code     0  llshl.o(.text)
    __rt_ctype_table                         0x00026421   Thumb Code     4  ctype_o.o(.text)
    __aeabi_memcpy                           0x00026429   Thumb Code    36  memcpya.o(.text)
    __aeabi_memcpy4                          0x00026429   Thumb Code     0  memcpya.o(.text)
    __aeabi_memcpy8                          0x00026429   Thumb Code     0  memcpya.o(.text)
    __aeabi_memset                           0x0002644d   Thumb Code    14  memseta.o(.text)
    __aeabi_memset4                          0x0002644d   Thumb Code     0  memseta.o(.text)
    __aeabi_memset8                          0x0002644d   Thumb Code     0  memseta.o(.text)
    __aeabi_memclr                           0x0002645b   Thumb Code     4  memseta.o(.text)
    __aeabi_memclr4                          0x0002645b   Thumb Code     0  memseta.o(.text)
    __aeabi_memclr8                          0x0002645b   Thumb Code     0  memseta.o(.text)
    _memset$wrapper                          0x0002645f   Thumb Code    18  memseta.o(.text)
    strlen                                   0x00026471   Thumb Code    14  strlen.o(.text)
    memcmp                                   0x0002647f   Thumb Code    26  memcmp.o(.text)
    strcpy                                   0x00026499   Thumb Code    18  strcpy.o(.text)
    __scatterload                            0x000264ad   Thumb Code    28  init.o(.text)
    __scatterload_rt2                        0x000264ad   Thumb Code     0  init.o(.text)
    __decompress                             0x000264d1   Thumb Code     0  __dczerorl2.o(.text)
    __decompress1                            0x000264d1   Thumb Code    86  __dczerorl2.o(.text)
    GPIOTE_IRQHandler                        0x00026529   Thumb Code   428  nrfx_gpiote.o(i.GPIOTE_IRQHandler)
    POWER_CLOCK_IRQHandler                   0x00026741   Thumb Code    82  nrfx_clock.o(i.POWER_CLOCK_IRQHandler)
    RTC1_IRQHandler                          0x00026799   Thumb Code    32  app_timer.o(i.RTC1_IRQHandler)
    SEGGER_RTT_Init                          0x000267bd   Thumb Code     4  segger_rtt.o(i.SEGGER_RTT_Init)
    SEGGER_RTT_WriteNoLock                   0x000267c1   Thumb Code    86  segger_rtt.o(i.SEGGER_RTT_WriteNoLock)
    SWI0_EGU0_IRQHandler                     0x0002681d   Thumb Code     4  app_timer.o(i.SWI0_EGU0_IRQHandler)
    SWI2_EGU2_IRQHandler                     0x00026821   Thumb Code     4  nrf_sdh.o(i.SWI2_EGU2_IRQHandler)
    SystemInit                               0x00026825   Thumb Code   416  system_nrf52840.o(i.SystemInit)
    UARTE0_UART0_IRQHandler                  0x00026a01   Thumb Code     6  nrfx_prs.o(i.UARTE0_UART0_IRQHandler)
    __scatterload_copy                       0x00026b27   Thumb Code    14  handlers.o(i.__scatterload_copy)
    __scatterload_null                       0x00026b35   Thumb Code     2  handlers.o(i.__scatterload_null)
    __scatterload_zeroinit                   0x00026b37   Thumb Code    14  handlers.o(i.__scatterload_zeroinit)
    active_flag_count                        0x00026b69   Thumb Code    28  ble_conn_state.o(i.active_flag_count)
    app_button_disable                       0x00026bcd   Thumb Code    38  app_button.o(i.app_button_disable)
    app_button_enable                        0x00026bfd   Thumb Code    32  app_button.o(i.app_button_enable)
    app_button_init                          0x00026c21   Thumb Code   102  app_button.o(i.app_button_init)
    app_error_fault_handler                  0x00026c99   Thumb Code   182  app_error_weak.o(i.app_error_fault_handler)
    app_error_save_and_stop                  0x00026e0d   Thumb Code    96  app_error.o(i.app_error_save_and_stop)
    app_fifo_get                             0x00026e71   Thumb Code    22  app_fifo.o(i.app_fifo_get)
    app_fifo_init                            0x00026e87   Thumb Code    32  app_fifo.o(i.app_fifo_init)
    app_fifo_put                             0x00026ea7   Thumb Code    26  app_fifo.o(i.app_fifo_put)
    app_timer_create                         0x00026ec1   Thumb Code    32  app_timer.o(i.app_timer_create)
    app_timer_init                           0x00026ee5   Thumb Code    70  app_timer.o(i.app_timer_init)
    app_timer_start                          0x00026f39   Thumb Code   128  app_timer.o(i.app_timer_start)
    app_timer_stop                           0x00026fc1   Thumb Code    26  app_timer.o(i.app_timer_stop)
    app_uart_get                             0x00026fe1   Thumb Code    46  app_uart_fifo.o(i.app_uart_get)
    app_uart_init                            0x00027055   Thumb Code   148  app_uart_fifo.o(i.app_uart_init)
    app_uart_put                             0x000270f9   Thumb Code    70  app_uart_fifo.o(i.app_uart_put)
    app_util_critical_region_enter           0x0002714d   Thumb Code    64  app_util_platform.o(i.app_util_critical_region_enter)
    app_util_critical_region_exit            0x00027195   Thumb Code    46  app_util_platform.o(i.app_util_critical_region_exit)
    bcs_internal_state_reset                 0x000272b5   Thumb Code     8  ble_conn_state.o(i.bcs_internal_state_reset)
    ble_advdata_name_find                    0x000272c1   Thumb Code    68  ble_advdata.o(i.ble_advdata_name_find)
    ble_advdata_search                       0x00027305   Thumb Code    56  ble_advdata.o(i.ble_advdata_search)
    ble_conn_state_central_conn_count        0x0002733d   Thumb Code    24  ble_conn_state.o(i.ble_conn_state_central_conn_count)
    ble_conn_state_init                      0x00027359   Thumb Code     4  ble_conn_state.o(i.ble_conn_state_init)
    ble_db_discovery_evt_register            0x0002735d   Thumb Code    56  ble_db_discovery.o(i.ble_db_discovery_evt_register)
    ble_db_discovery_init                    0x0002739d   Thumb Code    24  ble_db_discovery.o(i.ble_db_discovery_init)
    ble_db_discovery_on_ble_evt              0x000273b9   Thumb Code   138  ble_db_discovery.o(i.ble_db_discovery_on_ble_evt)
    ble_db_discovery_start                   0x00027449   Thumb Code    34  ble_db_discovery.o(i.ble_db_discovery_start)
    ble_lbs_c_button_notif_enable            0x00027851   Thumb Code    80  ble_lbs_c.o(i.ble_lbs_c_button_notif_enable)
    ble_lbs_c_handles_assign                 0x000278a9   Thumb Code    24  ble_lbs_c.o(i.ble_lbs_c_handles_assign)
    ble_lbs_c_init                           0x000278c1   Thumb Code    80  ble_lbs_c.o(i.ble_lbs_c_init)
    ble_lbs_c_on_ble_evt                     0x00027915   Thumb Code   128  ble_lbs_c.o(i.ble_lbs_c_on_ble_evt)
    ble_lbs_led_status_send                  0x00027995   Thumb Code    80  ble_lbs_c.o(i.ble_lbs_led_status_send)
    ble_lbs_on_db_disc_evt                   0x000279ed   Thumb Code   142  ble_lbs_c.o(i.ble_lbs_on_db_disc_evt)
    bsp_board_init                           0x00027ac1   Thumb Code    80  boards.o(i.bsp_board_init)
    bsp_board_led_off                        0x00027b15   Thumb Code    10  boards.o(i.bsp_board_led_off)
    bsp_board_led_on                         0x00027b25   Thumb Code    10  boards.o(i.bsp_board_led_on)
    bsp_board_leds_off                       0x00027b35   Thumb Code    18  boards.o(i.bsp_board_leds_off)
    bsp_event_to_button_action_assign        0x00027b49   Thumb Code    64  bsp.o(i.bsp_event_to_button_action_assign)
    buffer_is_empty                          0x00027c3d   Thumb Code    16  nrf_log_frontend.o(i.buffer_is_empty)
    conn_handle_list_get                     0x00027e85   Thumb Code    62  ble_conn_state.o(i.conn_handle_list_get)
    find_adv_connected                       0x00028477   Thumb Code    28  main.o(i.find_adv_connected)
    main                                     0x000288a5   Thumb Code   246  main.o(i.main)
    nrf_atfifo_item_free                     0x00028a75   Thumb Code    22  nrf_atfifo.o(i.nrf_atfifo_item_free)
    nrf_atfifo_item_get                      0x00028a8b   Thumb Code    22  nrf_atfifo.o(i.nrf_atfifo_item_get)
    nrf_atflags_clear                        0x00028aa1   Thumb Code    22  nrf_atflags.o(i.nrf_atflags_clear)
    nrf_atflags_get                          0x00028ab7   Thumb Code    22  nrf_atflags.o(i.nrf_atflags_get)
    nrf_atflags_set                          0x00028acd   Thumb Code    20  nrf_atflags.o(i.nrf_atflags_set)
    nrf_atomic_flag_clear_fetch              0x00028ae1   Thumb Code     6  nrf_atomic.o(i.nrf_atomic_flag_clear_fetch)
    nrf_atomic_flag_set                      0x00028ae7   Thumb Code     6  nrf_atomic.o(i.nrf_atomic_flag_set)
    nrf_atomic_u32_add                       0x00028aed   Thumb Code    12  nrf_atomic.o(i.nrf_atomic_u32_add)
    nrf_atomic_u32_and                       0x00028af9   Thumb Code    12  nrf_atomic.o(i.nrf_atomic_u32_and)
    nrf_atomic_u32_fetch_and                 0x00028b05   Thumb Code    10  nrf_atomic.o(i.nrf_atomic_u32_fetch_and)
    nrf_atomic_u32_fetch_store               0x00028b0f   Thumb Code    10  nrf_atomic.o(i.nrf_atomic_u32_fetch_store)
    nrf_atomic_u32_or                        0x00028b19   Thumb Code    12  nrf_atomic.o(i.nrf_atomic_u32_or)
    nrf_atomic_u32_sub                       0x00028b25   Thumb Code    12  nrf_atomic.o(i.nrf_atomic_u32_sub)
    nrf_balloc_alloc                         0x00028b31   Thumb Code    68  nrf_balloc.o(i.nrf_balloc_alloc)
    nrf_balloc_free                          0x00028b75   Thumb Code    48  nrf_balloc.o(i.nrf_balloc_free)
    nrf_balloc_init                          0x00028ba5   Thumb Code    48  nrf_balloc.o(i.nrf_balloc_init)
    nrf_ble_gatt_init                        0x00028bf9   Thumb Code    44  nrf_ble_gatt.o(i.nrf_ble_gatt_init)
    nrf_ble_gatt_on_ble_evt                  0x00028c25   Thumb Code   298  nrf_ble_gatt.o(i.nrf_ble_gatt_on_ble_evt)
    nrf_drv_clock_init                       0x00028dad   Thumb Code    48  nrf_drv_clock.o(i.nrf_drv_clock_init)
    nrf_drv_clock_lfclk_release              0x00028de5   Thumb Code    42  nrf_drv_clock.o(i.nrf_drv_clock_lfclk_release)
    nrf_drv_uart_init                        0x00028e15   Thumb Code    90  nrf_drv_uart.o(i.nrf_drv_uart_init)
    nrf_fprintf                              0x00028ebd   Thumb Code    26  nrf_fprintf.o(i.nrf_fprintf)
    nrf_fprintf_buffer_flush                 0x00028ed7   Thumb Code    24  nrf_fprintf.o(i.nrf_fprintf_buffer_flush)
    nrf_fprintf_fmt                          0x00028eef   Thumb Code   474  nrf_fprintf_format.o(i.nrf_fprintf_fmt)
    nrf_fstorage_sdh_req_handler             0x000290c9   Thumb Code    18  nrf_fstorage_sd.o(i.nrf_fstorage_sdh_req_handler)
    nrf_fstorage_sdh_state_handler           0x000290e1   Thumb Code    28  nrf_fstorage_sd.o(i.nrf_fstorage_sdh_state_handler)
    nrf_fstorage_sys_evt_handler             0x00029101   Thumb Code   154  nrf_fstorage_sd.o(i.nrf_fstorage_sys_evt_handler)
    nrf_log_backend_add                      0x0002940d   Thumb Code    74  nrf_log_frontend.o(i.nrf_log_backend_add)
    nrf_log_backend_rtt_init                 0x0002945f   Thumb Code     4  nrf_log_backend_rtt.o(i.nrf_log_backend_rtt_init)
    nrf_log_backend_serial_put               0x0002947d   Thumb Code   200  nrf_log_backend_serial.o(i.nrf_log_backend_serial_put)
    nrf_log_color_id_get                     0x00029545   Thumb Code    42  nrf_log_frontend.o(i.nrf_log_color_id_get)
    nrf_log_default_backends_init            0x00029575   Thumb Code    22  nrf_log_default_backends.o(i.nrf_log_default_backends_init)
    nrf_log_frontend_dequeue                 0x00029591   Thumb Code   510  nrf_log_frontend.o(i.nrf_log_frontend_dequeue)
    nrf_log_frontend_std_0                   0x000297b1   Thumb Code     8  nrf_log_frontend.o(i.nrf_log_frontend_std_0)
    nrf_log_frontend_std_1                   0x000297b9   Thumb Code    14  nrf_log_frontend.o(i.nrf_log_frontend_std_1)
    nrf_log_frontend_std_2                   0x000297c7   Thumb Code    16  nrf_log_frontend.o(i.nrf_log_frontend_std_2)
    nrf_log_frontend_std_5                   0x000297d7   Thumb Code    28  nrf_log_frontend.o(i.nrf_log_frontend_std_5)
    nrf_log_hexdump_entry_process            0x000297f5   Thumb Code   146  nrf_log_str_formatter.o(i.nrf_log_hexdump_entry_process)
    nrf_log_init                             0x000298a1   Thumb Code    66  nrf_log_frontend.o(i.nrf_log_init)
    nrf_log_module_cnt_get                   0x000298f9   Thumb Code    10  nrf_log_frontend.o(i.nrf_log_module_cnt_get)
    nrf_log_module_name_get                  0x0002990d   Thumb Code    24  nrf_log_frontend.o(i.nrf_log_module_name_get)
    nrf_log_panic                            0x00029929   Thumb Code    34  nrf_log_frontend.o(i.nrf_log_panic)
    nrf_log_std_entry_process                0x00029951   Thumb Code   182  nrf_log_str_formatter.o(i.nrf_log_std_entry_process)
    nrf_memobj_alloc                         0x00029a07   Thumb Code    96  nrf_memobj.o(i.nrf_memobj_alloc)
    nrf_memobj_free                          0x00029a67   Thumb Code    50  nrf_memobj.o(i.nrf_memobj_free)
    nrf_memobj_get                           0x00029a99   Thumb Code     8  nrf_memobj.o(i.nrf_memobj_get)
    nrf_memobj_pool_init                     0x00029aa1   Thumb Code     4  nrf_memobj.o(i.nrf_memobj_pool_init)
    nrf_memobj_put                           0x00029aa5   Thumb Code    30  nrf_memobj.o(i.nrf_memobj_put)
    nrf_memobj_read                          0x00029ac3   Thumb Code    12  nrf_memobj.o(i.nrf_memobj_read)
    nrf_memobj_write                         0x00029acf   Thumb Code    12  nrf_memobj.o(i.nrf_memobj_write)
    nrf_pwr_mgmt_init                        0x00029add   Thumb Code    28  nrf_pwr_mgmt.o(i.nrf_pwr_mgmt_init)
    nrf_pwr_mgmt_run                         0x00029b05   Thumb Code    64  nrf_pwr_mgmt.o(i.nrf_pwr_mgmt_run)
    nrf_sdh_ble_app_ram_start_get            0x00029b49   Thumb Code    16  nrf_sdh_ble.o(i.nrf_sdh_ble_app_ram_start_get)
    nrf_sdh_ble_default_cfg_set              0x00029b5d   Thumb Code   238  nrf_sdh_ble.o(i.nrf_sdh_ble_default_cfg_set)
    nrf_sdh_ble_enable                       0x00029c65   Thumb Code   116  nrf_sdh_ble.o(i.nrf_sdh_ble_enable)
    nrf_sdh_disable_request                  0x00029e31   Thumb Code    80  nrf_sdh.o(i.nrf_sdh_disable_request)
    nrf_sdh_enable_request                   0x00029e85   Thumb Code   102  nrf_sdh.o(i.nrf_sdh_enable_request)
    nrf_sdh_evts_poll                        0x00029ef9   Thumb Code    32  nrf_sdh.o(i.nrf_sdh_evts_poll)
    nrf_sdh_is_enabled                       0x00029f1d   Thumb Code     6  nrf_sdh.o(i.nrf_sdh_is_enabled)
    nrf_sdh_request_continue                 0x00029f29   Thumb Code    22  nrf_sdh.o(i.nrf_sdh_request_continue)
    nrf_section_iter_init                    0x00029fc5   Thumb Code    10  nrf_section_iter.o(i.nrf_section_iter_init)
    nrf_section_iter_next                    0x00029ff3   Thumb Code    32  nrf_section_iter.o(i.nrf_section_iter_next)
    nrf_strerror_find                        0x0002a015   Thumb Code    52  nrf_strerror.o(i.nrf_strerror_find)
    nrf_strerror_get                         0x0002a04d   Thumb Code    14  nrf_strerror.o(i.nrf_strerror_get)
    nrfx_clock_enable                        0x0002a099   Thumb Code    36  nrfx_clock.o(i.nrfx_clock_enable)
    nrfx_clock_init                          0x0002a0c5   Thumb Code    26  nrfx_clock.o(i.nrfx_clock_init)
    nrfx_clock_lfclk_stop                    0x0002a0e5   Thumb Code    20  nrfx_clock.o(i.nrfx_clock_lfclk_stop)
    nrfx_gpiote_in_event_disable             0x0002a111   Thumb Code    66  nrfx_gpiote.o(i.nrfx_gpiote_in_event_disable)
    nrfx_gpiote_in_event_enable              0x0002a159   Thumb Code   144  nrfx_gpiote.o(i.nrfx_gpiote_in_event_enable)
    nrfx_gpiote_in_init                      0x0002a1f1   Thumb Code   200  nrfx_gpiote.o(i.nrfx_gpiote_in_init)
    nrfx_gpiote_in_is_set                    0x0002a2c5   Thumb Code    14  nrfx_gpiote.o(i.nrfx_gpiote_in_is_set)
    nrfx_gpiote_init                         0x0002a2d5   Thumb Code   104  nrfx_gpiote.o(i.nrfx_gpiote_init)
    nrfx_gpiote_is_init                      0x0002a349   Thumb Code    14  nrfx_gpiote.o(i.nrfx_gpiote_is_init)
    nrfx_prs_acquire                         0x0002a36d   Thumb Code    58  nrfx_prs.o(i.nrfx_prs_acquire)
    nrfx_uart_0_irq_handler                  0x0002a3a9   Thumb Code     8  nrfx_uart.o(i.nrfx_uart_0_irq_handler)
    nrfx_uart_init                           0x0002a3b9   Thumb Code   200  nrfx_uart.o(i.nrfx_uart_init)
    nrfx_uart_rx                             0x0002a48d   Thumb Code   230  nrfx_uart.o(i.nrfx_uart_rx)
    nrfx_uart_tx                             0x0002a579   Thumb Code   160  nrfx_uart.o(i.nrfx_uart_tx)
    nrfx_uart_tx_in_progress                 0x0002a61d   Thumb Code    26  nrfx_uart.o(i.nrfx_uart_tx_in_progress)
    nrfx_uarte_0_irq_handler                 0x0002a63d   Thumb Code     8  nrfx_uarte.o(i.nrfx_uarte_0_irq_handler)
    nrfx_uarte_init                          0x0002a64d   Thumb Code   100  nrfx_uarte.o(i.nrfx_uarte_init)
    nrfx_uarte_rx                            0x0002a6b9   Thumb Code   256  nrfx_uarte.o(i.nrfx_uarte_rx)
    nrfx_uarte_tx                            0x0002a7bd   Thumb Code   138  nrfx_uarte.o(i.nrfx_uarte_tx)
    nrfx_uarte_tx_in_progress                0x0002a84d   Thumb Code    22  nrfx_uarte.o(i.nrfx_uarte_tx_in_progress)
    uart_event_handle                        0x0002b669   Thumb Code   686  main.o(i.uart_event_handle)
    nrf_log_backend_rtt_api                  0x0002c068   Data          12  nrf_log_backend_rtt.o(.constdata)
    m_ram_start                              0x0002c100   Data           4  nrf_sdh_ble.o(.constdata)
    __ctype_table                            0x0002c12c   Data         129  ctype_o.o(.constdata)
    Region$$Table$$Base                      0x0002c920   Number         0  anon$$obj.o(Region$$Table)
    Region$$Table$$Limit                     0x0002c940   Number         0  anon$$obj.o(Region$$Table)
    log_const_data$$Base                     0x0002c940   Number         0  ble_db_discovery.o(log_const_data)
    m_nrf_log_ble_db_disc_logs_data_const    0x0002c940   Data           8  ble_db_discovery.o(log_const_data)
    m_nrf_log_nrf_ble_gatt_logs_data_const   0x0002c948   Data           8  nrf_ble_gatt.o(log_const_data)
    m_nrf_log_ble_lbs_c_logs_data_const      0x0002c950   Data           8  ble_lbs_c.o(log_const_data)
    m_nrf_log_clock_logs_data_const          0x0002c958   Data           8  nrf_drv_clock.o(log_const_data)
    m_nrf_log_CLOCK_logs_data_const          0x0002c960   Data           8  nrfx_clock.o(log_const_data)
    m_nrf_log_GPIOTE_logs_data_const         0x0002c968   Data           8  nrfx_gpiote.o(log_const_data)
    m_nrf_log_PRS_logs_data_const            0x0002c970   Data           8  nrfx_prs.o(log_const_data)
    m_nrf_log_UART_logs_data_const           0x0002c978   Data           8  nrfx_uart.o(log_const_data)
    m_nrf_log_UARTE_logs_data_const          0x0002c980   Data           8  nrfx_uarte.o(log_const_data)
    m_nrf_log_nrf_fstorage_logs_data_const   0x0002c988   Data           8  nrf_fstorage.o(log_const_data)
    m_nrf_log_atfifo_m_fifo_logs_data_const  0x0002c990   Data           8  nrf_fstorage_sd.o(log_const_data)
    m_nrf_log_pwr_mgmt_logs_data_const       0x0002c998   Data           8  nrf_pwr_mgmt.o(log_const_data)
    m_nrf_log_balloc_log_mempool_logs_data_const 0x0002c9a0   Data           8  nrf_log_frontend.o(log_const_data)
    m_nrf_log_app_logs_data_const            0x0002c9a8   Data           8  nrf_log_frontend.o(log_const_data)
    m_nrf_log_nrf_sdh_logs_data_const        0x0002c9b0   Data           8  nrf_sdh.o(log_const_data)
    m_nrf_log_nrf_sdh_ble_logs_data_const    0x0002c9b8   Data           8  nrf_sdh_ble.o(log_const_data)
    m_nrf_log_nrf_sdh_soc_logs_data_const    0x0002c9c0   Data           8  nrf_sdh_soc.o(log_const_data)
    log_const_data$$Limit                    0x0002c9c8   Number         0  nrf_sdh_soc.o(log_const_data)
    log_mempool                              0x0002c9c8   Data          24  nrf_log_frontend.o(nrf_balloc)
    sdh_ble_observers0$$Base                 0x0002c9e0   Number         0  ble_conn_state.o(sdh_ble_observers0)
    sdh_ble_observers0$$Limit                0x0002c9e8   Number         0  ble_conn_state.o(sdh_ble_observers0)
    sdh_ble_observers1$$Base                 0x0002c9e8   Number         0  main.o(sdh_ble_observers1)
    sdh_ble_observers1$$Limit                0x0002ca18   Number         0  bsp_btn_ble.o(sdh_ble_observers1)
    sdh_ble_observers2$$Base                 0x0002ca18   Number         0  main.o(sdh_ble_observers2)
    sdh_ble_observers2$$Limit                0x0002ca38   Number         0  main.o(sdh_ble_observers2)
    sdh_ble_observers3$$Base                 0x0002ca38   Number         0  main.o(sdh_ble_observers3)
    m_req_obs                                0x0002ca40   Data           8  nrf_fstorage_sd.o(sdh_req_observers0)
    sdh_ble_observers3$$Limit                0x0002ca40   Number         0  main.o(sdh_ble_observers3)
    sdh_req_observers0$$Base                 0x0002ca40   Number         0  nrf_fstorage_sd.o(sdh_req_observers0)
    sdh_req_observers0$$Limit                0x0002ca48   Number         0  nrf_fstorage_sd.o(sdh_req_observers0)
    sdh_soc_observers0$$Base                 0x0002ca48   Number         0  nrf_drv_clock.o(sdh_soc_observers0)
    sdh_soc_observers0$$Limit                0x0002ca58   Number         0  nrf_fstorage_sd.o(sdh_soc_observers0)
    sdh_stack_observers0$$Base               0x0002ca58   Number         0  nrf_sdh_ble.o(sdh_stack_observers0)
    sdh_stack_observers0$$Limit              0x0002ca68   Number         0  nrf_sdh_soc.o(sdh_stack_observers0)
    sdh_state_observers0$$Base               0x0002ca68   Number         0  nrf_drv_clock.o(sdh_state_observers0)
    sdh_state_observers0$$Limit              0x0002ca78   Number         0  nrf_fstorage_sd.o(sdh_state_observers0)
    Image$$RW_IRAM1$$Base                    0x20004368   Number         0  anon$$obj.o ABSOLUTE
    adv_count                                0x2000437c   Data           4  main.o(.data)
    con_handle                               0x20004380   Data           4  main.o(.data)
    string                                   0x20004ebc   Data          20  main.o(.data)
    string1                                  0x20004ed0   Data          20  main.o(.data)
    string2                                  0x20004ee4   Data          20  main.o(.data)
    string3                                  0x20004ef8   Data          20  main.o(.data)
    nrf_drv_uart_use_easy_dma                0x20004f3c   Data           2  nrf_drv_uart.o(.data)
    SystemCoreClock                          0x20005038   Data           4  system_nrf52840.o(.data)
    log_dynamic_data$$Base                   0x2000503c   Number         0  ble_db_discovery.o(log_dynamic_data)
    m_nrf_log_ble_db_disc_logs_data_dynamic  0x2000503c   Data           4  ble_db_discovery.o(log_dynamic_data)
    m_nrf_log_nrf_ble_gatt_logs_data_dynamic 0x20005040   Data           4  nrf_ble_gatt.o(log_dynamic_data)
    m_nrf_log_ble_lbs_c_logs_data_dynamic    0x20005044   Data           4  ble_lbs_c.o(log_dynamic_data)
    m_nrf_log_clock_logs_data_dynamic        0x20005048   Data           4  nrf_drv_clock.o(log_dynamic_data)
    m_nrf_log_CLOCK_logs_data_dynamic        0x2000504c   Data           4  nrfx_clock.o(log_dynamic_data)
    m_nrf_log_GPIOTE_logs_data_dynamic       0x20005050   Data           4  nrfx_gpiote.o(log_dynamic_data)
    m_nrf_log_PRS_logs_data_dynamic          0x20005054   Data           4  nrfx_prs.o(log_dynamic_data)
    m_nrf_log_UART_logs_data_dynamic         0x20005058   Data           4  nrfx_uart.o(log_dynamic_data)
    m_nrf_log_UARTE_logs_data_dynamic        0x2000505c   Data           4  nrfx_uarte.o(log_dynamic_data)
    m_nrf_log_nrf_fstorage_logs_data_dynamic 0x20005060   Data           4  nrf_fstorage.o(log_dynamic_data)
    m_nrf_log_atfifo_m_fifo_logs_data_dynamic 0x20005064   Data           4  nrf_fstorage_sd.o(log_dynamic_data)
    m_nrf_log_pwr_mgmt_logs_data_dynamic     0x20005068   Data           4  nrf_pwr_mgmt.o(log_dynamic_data)
    m_nrf_log_balloc_log_mempool_logs_data_dynamic 0x2000506c   Data           4  nrf_log_frontend.o(log_dynamic_data)
    m_nrf_log_app_logs_data_dynamic          0x20005070   Data           4  nrf_log_frontend.o(log_dynamic_data)
    m_nrf_log_nrf_sdh_logs_data_dynamic      0x20005074   Data           4  nrf_sdh.o(log_dynamic_data)
    m_nrf_log_nrf_sdh_ble_logs_data_dynamic  0x20005078   Data           4  nrf_sdh_ble.o(log_dynamic_data)
    m_nrf_log_nrf_sdh_soc_logs_data_dynamic  0x2000507c   Data           4  nrf_sdh_soc.o(log_dynamic_data)
    nrf_nvic_state                           0x20005a58   Data          12  app_util_platform.o(.bss)
    _SEGGER_RTT                              0x20006054   Data         120  segger_rtt.o(.bss)
    __initial_sp                             0x200082e0   Data           0  arm_startup_nrf52840.o(STACK)



==============================================================================

Memory Map of the image

  Image Entry point : 0x00026201

  Load Region LR_IROM1 (Base: 0x00026000, Size: 0x00007790, Max: 0x000da000, ABSOLUTE, COMPRESSED[0x00006afc])

    Execution Region ER_IROM1 (Base: 0x00026000, Size: 0x00006a78, Max: 0x000da000, ABSOLUTE)

    Base Addr    Size         Type   Attr      Idx    E Section Name        Object

    0x00026000   0x00000200   Data   RO         4926    RESET               arm_startup_nrf52840.o
    0x00026200   0x00000000   Code   RO         4971  * .ARM.Collect$$$$00000000  mc_w.l(entry.o)
    0x00026200   0x00000004   Code   RO         5025    .ARM.Collect$$$$00000001  mc_w.l(entry2.o)
    0x00026204   0x00000004   Code   RO         5028    .ARM.Collect$$$$00000004  mc_w.l(entry5.o)
    0x00026208   0x00000000   Code   RO         5030    .ARM.Collect$$$$00000008  mc_w.l(entry7b.o)
    0x00026208   0x00000000   Code   RO         5032    .ARM.Collect$$$$0000000A  mc_w.l(entry8b.o)
    0x00026208   0x00000008   Code   RO         5033    .ARM.Collect$$$$0000000B  mc_w.l(entry9a.o)
    0x00026210   0x00000000   Code   RO         5035    .ARM.Collect$$$$0000000D  mc_w.l(entry10a.o)
    0x00026210   0x00000000   Code   RO         5037    .ARM.Collect$$$$0000000F  mc_w.l(entry11a.o)
    0x00026210   0x00000004   Code   RO         5026    .ARM.Collect$$$$00002712  mc_w.l(entry2.o)
    0x00026214   0x0000001a   Code   RO         2620    .emb_text           app_error_handler_keil.o
    0x0002622e   0x00000002   PAD
    0x00026230   0x000000c8   Code   RO         3015    .emb_text           nrf_atfifo.o
    0x000262f8   0x000000e2   Code   RO         3154    .emb_text           nrf_atomic.o
    0x000263da   0x00000002   PAD
    0x000263dc   0x00000024   Code   RO         4927    .text               arm_startup_nrf52840.o
    0x00026400   0x0000001e   Code   RO         4981    .text               mc_w.l(llshl.o)
    0x0002641e   0x00000002   PAD
    0x00026420   0x00000008   Code   RO         4983    .text               mc_w.l(ctype_o.o)
    0x00026428   0x00000024   Code   RO         5011    .text               mc_w.l(memcpya.o)
    0x0002644c   0x00000024   Code   RO         5013    .text               mc_w.l(memseta.o)
    0x00026470   0x0000000e   Code   RO         5015    .text               mc_w.l(strlen.o)
    0x0002647e   0x0000001a   Code   RO         5019    .text               mc_w.l(memcmp.o)
    0x00026498   0x00000012   Code   RO         5021    .text               mc_w.l(strcpy.o)
    0x000264aa   0x00000002   PAD
    0x000264ac   0x00000024   Code   RO         5043    .text               mc_w.l(init.o)
    0x000264d0   0x00000056   Code   RO         5053    .text               mc_w.l(__dczerorl2.o)
    0x00026526   0x00000002   PAD
    0x00026528   0x000001b4   Code   RO         1787    i.GPIOTE_IRQHandler  nrfx_gpiote.o
    0x000266dc   0x00000016   Code   RO         2732    i.NVIC_ClearPendingIRQ  app_timer.o
    0x000266f2   0x00000016   Code   RO         2733    i.NVIC_EnableIRQ    app_timer.o
    0x00026708   0x00000016   Code   RO         2734    i.NVIC_SetPendingIRQ  app_timer.o
    0x0002671e   0x00000020   Code   RO         2735    i.NVIC_SetPriority  app_timer.o
    0x0002673e   0x00000002   PAD
    0x00026740   0x00000058   Code   RO         1655    i.POWER_CLOCK_IRQHandler  nrfx_clock.o
    0x00026798   0x00000024   Code   RO         2736    i.RTC1_IRQHandler   app_timer.o
    0x000267bc   0x00000004   Code   RO         4375    i.SEGGER_RTT_Init   segger_rtt.o
    0x000267c0   0x0000005c   Code   RO         4389    i.SEGGER_RTT_WriteNoLock  segger_rtt.o
    0x0002681c   0x00000004   Code   RO         2737    i.SWI0_EGU0_IRQHandler  app_timer.o
    0x00026820   0x00000004   Code   RO         4723    i.SWI2_EGU2_IRQHandler  nrf_sdh.o
    0x00026824   0x000001dc   Code   RO         4935    i.SystemInit        system_nrf52840.o
    0x00026a00   0x0000000c   Code   RO         2106    i.UARTE0_UART0_IRQHandler  nrfx_prs.o
    0x00026a0c   0x00000068   Code   RO         4393    i._DoInit           segger_rtt.o
    0x00026a74   0x00000016   Code   RO         4394    i._GetAvailWriteSpace  segger_rtt.o
    0x00026a8a   0x0000005a   Code   RO         4396    i._WriteBlocking    segger_rtt.o
    0x00026ae4   0x00000042   Code   RO         4397    i._WriteNoCheck     segger_rtt.o
    0x00026b26   0x0000000e   Code   RO         5047    i.__scatterload_copy  mc_w.l(handlers.o)
    0x00026b34   0x00000002   Code   RO         5048    i.__scatterload_null  mc_w.l(handlers.o)
    0x00026b36   0x0000000e   Code   RO         5049    i.__scatterload_zeroinit  mc_w.l(handlers.o)
    0x00026b44   0x00000024   Code   RO         4724    i.__sd_nvic_app_accessible_irq  nrf_sdh.o
    0x00026b68   0x0000001c   Code   RO          921    i.active_flag_count  ble_conn_state.o
    0x00026b84   0x00000046   Code   RO          663    i.advertising_buttons_configure  bsp_btn_ble.o
    0x00026bca   0x00000002   PAD
    0x00026bcc   0x00000030   Code   RO         2517    i.app_button_disable  app_button.o
    0x00026bfc   0x00000024   Code   RO         2518    i.app_button_enable  app_button.o
    0x00026c20   0x00000078   Code   RO         2519    i.app_button_init   app_button.o
    0x00026c98   0x00000174   Code   RO         2642    i.app_error_fault_handler  app_error_weak.o
    0x00026e0c   0x00000064   Code   RO         2583    i.app_error_save_and_stop  app_error.o
    0x00026e70   0x00000016   Code   RO         3913    i.app_fifo_get      app_fifo.o
    0x00026e86   0x00000020   Code   RO         3914    i.app_fifo_init     app_fifo.o
    0x00026ea6   0x0000001a   Code   RO         3916    i.app_fifo_put      app_fifo.o
    0x00026ec0   0x00000024   Code   RO         2740    i.app_timer_create  app_timer.o
    0x00026ee4   0x00000054   Code   RO         2741    i.app_timer_init    app_timer.o
    0x00026f38   0x00000088   Code   RO         2744    i.app_timer_start   app_timer.o
    0x00026fc0   0x00000020   Code   RO         2745    i.app_timer_stop    app_timer.o
    0x00026fe0   0x00000074   Code   RO         3810    i.app_uart_get      app_uart_fifo.o
    0x00027054   0x000000a4   Code   RO         3811    i.app_uart_init     app_uart_fifo.o
    0x000270f8   0x00000054   Code   RO         3812    i.app_uart_put      app_uart_fifo.o
    0x0002714c   0x00000048   Code   RO         2902    i.app_util_critical_region_enter  app_util_platform.o
    0x00027194   0x00000034   Code   RO         2903    i.app_util_critical_region_exit  app_util_platform.o
    0x000271c8   0x00000076   Code   RO         2157    i.apply_config      nrfx_uart.o
    0x0002723e   0x00000076   Code   RO         2355    i.apply_config      nrfx_uarte.o
    0x000272b4   0x0000000c   Code   RO          922    i.bcs_internal_state_reset  ble_conn_state.o
    0x000272c0   0x00000044   Code   RO          711    i.ble_advdata_name_find  ble_advdata.o
    0x00027304   0x00000038   Code   RO          713    i.ble_advdata_search  ble_advdata.o
    0x0002733c   0x0000001c   Code   RO          923    i.ble_conn_state_central_conn_count  ble_conn_state.o
    0x00027358   0x00000004   Code   RO          931    i.ble_conn_state_init  ble_conn_state.o
    0x0002735c   0x00000040   Code   RO         1089    i.ble_db_discovery_evt_register  ble_db_discovery.o
    0x0002739c   0x0000001c   Code   RO         1090    i.ble_db_discovery_init  ble_db_discovery.o
    0x000273b8   0x00000090   Code   RO         1091    i.ble_db_discovery_on_ble_evt  ble_db_discovery.o
    0x00027448   0x00000028   Code   RO         1092    i.ble_db_discovery_start  ble_db_discovery.o
    0x00027470   0x0000022c   Code   RO            5    i.ble_evt_handler   main.o
    0x0002769c   0x00000070   Code   RO          664    i.ble_evt_handler   bsp_btn_ble.o
    0x0002770c   0x00000144   Code   RO          941    i.ble_evt_handler   ble_conn_state.o
    0x00027850   0x00000058   Code   RO         1369    i.ble_lbs_c_button_notif_enable  ble_lbs_c.o
    0x000278a8   0x00000018   Code   RO         1370    i.ble_lbs_c_handles_assign  ble_lbs_c.o
    0x000278c0   0x00000054   Code   RO         1371    i.ble_lbs_c_init    ble_lbs_c.o
    0x00027914   0x00000080   Code   RO         1372    i.ble_lbs_c_on_ble_evt  ble_lbs_c.o
    0x00027994   0x00000058   Code   RO         1374    i.ble_lbs_led_status_send  ble_lbs_c.o
    0x000279ec   0x0000008e   Code   RO         1375    i.ble_lbs_on_db_disc_evt  ble_lbs_c.o
    0x00027a7a   0x00000002   PAD
    0x00027a7c   0x00000044   Code   RO            6    i.ble_stack_init    main.o
    0x00027ac0   0x00000054   Code   RO          410    i.bsp_board_init    boards.o
    0x00027b14   0x00000010   Code   RO          413    i.bsp_board_led_off  boards.o
    0x00027b24   0x00000010   Code   RO          414    i.bsp_board_led_on  boards.o
    0x00027b34   0x00000012   Code   RO          416    i.bsp_board_leds_off  boards.o
    0x00027b46   0x00000002   PAD
    0x00027b48   0x00000044   Code   RO          551    i.bsp_event_to_button_action_assign  bsp.o
    0x00027b8c   0x00000090   Code   RO         4129    i.buf_prealloc      nrf_log_frontend.o
    0x00027c1c   0x0000001e   Code   RO         3366    i.buffer_add        nrf_fprintf_format.o
    0x00027c3a   0x00000002   PAD
    0x00027c3c   0x00000014   Code   RO         4130    i.buffer_is_empty   nrf_log_frontend.o
    0x00027c50   0x0000008c   Code   RO            7    i.button_event_handler  main.o
    0x00027cdc   0x0000001c   Code   RO         1788    i.channel_free      nrfx_gpiote.o
    0x00027cf8   0x00000048   Code   RO         1789    i.channel_port_alloc  nrfx_gpiote.o
    0x00027d40   0x00000010   Code   RO         1790    i.channel_port_get  nrfx_gpiote.o
    0x00027d50   0x00000042   Code   RO         1093    i.characteristics_discover  ble_db_discovery.o
    0x00027d92   0x00000002   PAD
    0x00027d94   0x00000028   Code   RO         1457    i.clock_clk_started_notify  nrf_drv_clock.o
    0x00027dbc   0x0000001c   Code   RO         1458    i.clock_irq_handler  nrf_drv_clock.o
    0x00027dd8   0x000000ac   Code   RO         2747    i.compare_reg_update  app_timer.o
    0x00027e84   0x0000003e   Code   RO          942    i.conn_handle_list_get  ble_conn_state.o
    0x00027ec2   0x00000002   PAD
    0x00027ec4   0x000000bc   Code   RO         1270    i.data_length_update  nrf_ble_gatt.o
    0x00027f80   0x00000014   Code   RO            8    i.db_disc_handler   main.o
    0x00027f94   0x0000008c   Code   RO         1094    i.descriptors_discover  ble_db_discovery.o
    0x00028020   0x00000098   Code   RO         2521    i.detection_delay_timeout_handler  app_button.o
    0x000280b8   0x00000090   Code   RO         1095    i.discovery_complete_evt_trigger  ble_db_discovery.o
    0x00028148   0x0000003c   Code   RO         1096    i.discovery_error_evt_trigger  ble_db_discovery.o
    0x00028184   0x0000005c   Code   RO         1097    i.discovery_start   ble_db_discovery.o
    0x000281e0   0x00000014   Code   RO         4132    i.dropped_sat16_get  nrf_log_frontend.o
    0x000281f4   0x00000040   Code   RO         2748    i.elapsed_ticks_acquire  app_timer.o
    0x00028234   0x00000070   Code   RO            9    i.event_of_b        main.o
    0x000282a4   0x00000070   Code   RO           10    i.event_of_b1       main.o
    0x00028314   0x00000074   Code   RO           11    i.event_of_b2       main.o
    0x00028388   0x00000074   Code   RO           12    i.event_of_b3       main.o
    0x000283fc   0x00000054   Code   RO         3491    i.event_send        nrf_fstorage_sd.o
    0x00028450   0x00000014   Code   RO         3919    i.fifo_get          app_fifo.o
    0x00028464   0x00000012   Code   RO         3920    i.fifo_put          app_fifo.o
    0x00028476   0x0000001c   Code   RO           13    i.find_adv_connected  main.o
    0x00028492   0x00000002   PAD
    0x00028494   0x00000084   Code   RO         2522    i.gpiote_event_handler  app_button.o
    0x00028518   0x000000a6   Code   RO         3367    i.int_print         nrf_fprintf_format.o
    0x000285be   0x00000002   PAD
    0x000285c0   0x00000080   Code   RO         2356    i.interrupts_enable  nrfx_uarte.o
    0x00028640   0x0000004c   Code   RO         4133    i.invalid_packets_pushed_str_omit  nrf_log_frontend.o
    0x0002868c   0x0000004c   Code   RO         1098    i.is_desc_discovery_reqd  ble_db_discovery.o
    0x000286d8   0x00000002   Code   RO           14    i.lbs_c_evt_handler  main.o
    0x000286da   0x00000002   PAD
    0x000286dc   0x00000020   Code   RO           15    i.led_status_send_to_two  main.o
    0x000286fc   0x00000014   Code   RO         1271    i.link_init         nrf_ble_gatt.o
    0x00028710   0x000000f8   Code   RO         2749    i.list_insertions_handler  app_timer.o
    0x00028808   0x0000009c   Code   RO         4134    i.log_skip          nrf_log_frontend.o
    0x000288a4   0x00000128   Code   RO           16    i.main              main.o
    0x000289cc   0x00000076   Code   RO         3605    i.memobj_op         nrf_memobj.o
    0x00028a42   0x00000002   PAD
    0x00028a44   0x00000030   Code   RO         4135    i.module_idx_get    nrf_log_frontend.o
    0x00028a74   0x00000016   Code   RO         3021    i.nrf_atfifo_item_free  nrf_atfifo.o
    0x00028a8a   0x00000016   Code   RO         3022    i.nrf_atfifo_item_get  nrf_atfifo.o
    0x00028aa0   0x00000016   Code   RO         3088    i.nrf_atflags_clear  nrf_atflags.o
    0x00028ab6   0x00000016   Code   RO         3093    i.nrf_atflags_get   nrf_atflags.o
    0x00028acc   0x00000014   Code   RO         3095    i.nrf_atflags_set   nrf_atflags.o
    0x00028ae0   0x00000006   Code   RO         3156    i.nrf_atomic_flag_clear_fetch  nrf_atomic.o
    0x00028ae6   0x00000006   Code   RO         3157    i.nrf_atomic_flag_set  nrf_atomic.o
    0x00028aec   0x0000000c   Code   RO         3159    i.nrf_atomic_u32_add  nrf_atomic.o
    0x00028af8   0x0000000c   Code   RO         3160    i.nrf_atomic_u32_and  nrf_atomic.o
    0x00028b04   0x0000000a   Code   RO         3163    i.nrf_atomic_u32_fetch_and  nrf_atomic.o
    0x00028b0e   0x0000000a   Code   RO         3165    i.nrf_atomic_u32_fetch_store  nrf_atomic.o
    0x00028b18   0x0000000c   Code   RO         3169    i.nrf_atomic_u32_or  nrf_atomic.o
    0x00028b24   0x0000000c   Code   RO         3171    i.nrf_atomic_u32_sub  nrf_atomic.o
    0x00028b30   0x00000044   Code   RO         3290    i.nrf_balloc_alloc  nrf_balloc.o
    0x00028b74   0x00000030   Code   RO         3291    i.nrf_balloc_free   nrf_balloc.o
    0x00028ba4   0x00000030   Code   RO         3292    i.nrf_balloc_init   nrf_balloc.o
    0x00028bd4   0x00000010   Code   RO         1791    i.nrf_bitmask_bit_is_set  nrfx_gpiote.o
    0x00028be4   0x00000014   Code   RO         1792    i.nrf_bitmask_bit_set  nrfx_gpiote.o
    0x00028bf8   0x0000002c   Code   RO         1277    i.nrf_ble_gatt_init  nrf_ble_gatt.o
    0x00028c24   0x00000168   Code   RO         1278    i.nrf_ble_gatt_on_ble_evt  nrf_ble_gatt.o
    0x00028d8c   0x0000000e   Code   RO         1656    i.nrf_clock_event_check  nrfx_clock.o
    0x00028d9a   0x00000010   Code   RO         1657    i.nrf_clock_event_clear  nrfx_clock.o
    0x00028daa   0x00000002   PAD
    0x00028dac   0x00000038   Code   RO         1465    i.nrf_drv_clock_init  nrf_drv_clock.o
    0x00028de4   0x00000030   Code   RO         1469    i.nrf_drv_clock_lfclk_release  nrf_drv_clock.o
    0x00028e14   0x00000068   Code   RO         1603    i.nrf_drv_uart_init  nrf_drv_uart.o
    0x00028e7c   0x00000020   Code   RO         3813    i.nrf_drv_uart_rx   app_uart_fifo.o
    0x00028e9c   0x00000020   Code   RO         3814    i.nrf_drv_uart_tx   app_uart_fifo.o
    0x00028ebc   0x0000001a   Code   RO         3327    i.nrf_fprintf       nrf_fprintf.o
    0x00028ed6   0x00000018   Code   RO         3328    i.nrf_fprintf_buffer_flush  nrf_fprintf.o
    0x00028eee   0x000001da   Code   RO         3368    i.nrf_fprintf_fmt   nrf_fprintf_format.o
    0x000290c8   0x00000018   Code   RO         3494    i.nrf_fstorage_sdh_req_handler  nrf_fstorage_sd.o
    0x000290e0   0x00000020   Code   RO         3495    i.nrf_fstorage_sdh_state_handler  nrf_fstorage_sd.o
    0x00029100   0x000000a4   Code   RO         3496    i.nrf_fstorage_sys_evt_handler  nrf_fstorage_sd.o
    0x000291a4   0x00000032   Code   RO          420    i.nrf_gpio_cfg      boards.o
    0x000291d6   0x00000032   Code   RO         1793    i.nrf_gpio_cfg      nrfx_gpiote.o
    0x00029208   0x00000032   Code   RO         2158    i.nrf_gpio_cfg      nrfx_uart.o
    0x0002923a   0x00000032   Code   RO         2357    i.nrf_gpio_cfg      nrfx_uarte.o
    0x0002926c   0x00000012   Code   RO         2160    i.nrf_gpio_cfg_input  nrfx_uart.o
    0x0002927e   0x00000012   Code   RO         2359    i.nrf_gpio_cfg_input  nrfx_uarte.o
    0x00029290   0x00000014   Code   RO         2161    i.nrf_gpio_cfg_output  nrfx_uart.o
    0x000292a4   0x00000014   Code   RO         2360    i.nrf_gpio_cfg_output  nrfx_uarte.o
    0x000292b8   0x00000030   Code   RO         1795    i.nrf_gpio_cfg_sense_set  nrfx_gpiote.o
    0x000292e8   0x0000001c   Code   RO          421    i.nrf_gpio_pin_port_decode  boards.o
    0x00029304   0x0000001c   Code   RO         1797    i.nrf_gpio_pin_port_decode  nrfx_gpiote.o
    0x00029320   0x0000001c   Code   RO         2162    i.nrf_gpio_pin_port_decode  nrfx_uart.o
    0x0002933c   0x0000001c   Code   RO         2361    i.nrf_gpio_pin_port_decode  nrfx_uarte.o
    0x00029358   0x00000016   Code   RO         1798    i.nrf_gpio_pin_read  nrfx_gpiote.o
    0x0002936e   0x00000014   Code   RO         2163    i.nrf_gpio_pin_set  nrfx_uart.o
    0x00029382   0x00000014   Code   RO         2362    i.nrf_gpio_pin_set  nrfx_uarte.o
    0x00029396   0x00000026   Code   RO          422    i.nrf_gpio_pin_write  boards.o
    0x000293bc   0x0000002c   Code   RO         1800    i.nrf_gpio_ports_read  nrfx_gpiote.o
    0x000293e8   0x00000014   Code   RO         1801    i.nrf_gpiote_event_clear  nrfx_gpiote.o
    0x000293fc   0x00000010   Code   RO         1802    i.nrf_gpiote_event_is_set  nrfx_gpiote.o
    0x0002940c   0x00000050   Code   RO         4136    i.nrf_log_backend_add  nrf_log_frontend.o
    0x0002945c   0x00000002   Code   RO         3982    i.nrf_log_backend_rtt_flush  nrf_log_backend_rtt.o
    0x0002945e   0x00000004   Code   RO         3983    i.nrf_log_backend_rtt_init  nrf_log_backend_rtt.o
    0x00029462   0x00000002   Code   RO         3984    i.nrf_log_backend_rtt_panic_set  nrf_log_backend_rtt.o
    0x00029464   0x00000018   Code   RO         3985    i.nrf_log_backend_rtt_put  nrf_log_backend_rtt.o
    0x0002947c   0x000000c8   Code   RO         4044    i.nrf_log_backend_serial_put  nrf_log_backend_serial.o
    0x00029544   0x00000030   Code   RO         4138    i.nrf_log_color_id_get  nrf_log_frontend.o
    0x00029574   0x0000001c   Code   RO         4096    i.nrf_log_default_backends_init  nrf_log_default_backends.o
    0x00029590   0x00000220   Code   RO         4139    i.nrf_log_frontend_dequeue  nrf_log_frontend.o
    0x000297b0   0x00000008   Code   RO         4141    i.nrf_log_frontend_std_0  nrf_log_frontend.o
    0x000297b8   0x0000000e   Code   RO         4142    i.nrf_log_frontend_std_1  nrf_log_frontend.o
    0x000297c6   0x00000010   Code   RO         4143    i.nrf_log_frontend_std_2  nrf_log_frontend.o
    0x000297d6   0x0000001c   Code   RO         4146    i.nrf_log_frontend_std_5  nrf_log_frontend.o
    0x000297f2   0x00000002   PAD
    0x000297f4   0x000000ac   Code   RO         4316    i.nrf_log_hexdump_entry_process  nrf_log_str_formatter.o
    0x000298a0   0x00000058   Code   RO         4148    i.nrf_log_init      nrf_log_frontend.o
    0x000298f8   0x00000014   Code   RO         4149    i.nrf_log_module_cnt_get  nrf_log_frontend.o
    0x0002990c   0x0000001c   Code   RO         4152    i.nrf_log_module_name_get  nrf_log_frontend.o
    0x00029928   0x00000028   Code   RO         4153    i.nrf_log_panic     nrf_log_frontend.o
    0x00029950   0x000000b6   Code   RO         4317    i.nrf_log_std_entry_process  nrf_log_str_formatter.o
    0x00029a06   0x00000060   Code   RO         3606    i.nrf_memobj_alloc  nrf_memobj.o
    0x00029a66   0x00000032   Code   RO         3607    i.nrf_memobj_free   nrf_memobj.o
    0x00029a98   0x00000008   Code   RO         3608    i.nrf_memobj_get    nrf_memobj.o
    0x00029aa0   0x00000004   Code   RO         3609    i.nrf_memobj_pool_init  nrf_memobj.o
    0x00029aa4   0x0000001e   Code   RO         3610    i.nrf_memobj_put    nrf_memobj.o
    0x00029ac2   0x0000000c   Code   RO         3611    i.nrf_memobj_read   nrf_memobj.o
    0x00029ace   0x0000000c   Code   RO         3612    i.nrf_memobj_write  nrf_memobj.o
    0x00029ada   0x00000002   PAD
    0x00029adc   0x00000028   Code   RO         3671    i.nrf_pwr_mgmt_init  nrf_pwr_mgmt.o
    0x00029b04   0x00000044   Code   RO         3672    i.nrf_pwr_mgmt_run  nrf_pwr_mgmt.o
    0x00029b48   0x00000014   Code   RO         4844    i.nrf_sdh_ble_app_ram_start_get  nrf_sdh_ble.o
    0x00029b5c   0x00000108   Code   RO         4845    i.nrf_sdh_ble_default_cfg_set  nrf_sdh_ble.o
    0x00029c64   0x0000012c   Code   RO         4846    i.nrf_sdh_ble_enable  nrf_sdh_ble.o
    0x00029d90   0x000000a0   Code   RO         4847    i.nrf_sdh_ble_evts_poll  nrf_sdh_ble.o
    0x00029e30   0x00000054   Code   RO         4725    i.nrf_sdh_disable_request  nrf_sdh.o
    0x00029e84   0x00000074   Code   RO         4726    i.nrf_sdh_enable_request  nrf_sdh.o
    0x00029ef8   0x00000024   Code   RO         4727    i.nrf_sdh_evts_poll  nrf_sdh.o
    0x00029f1c   0x0000000c   Code   RO         4728    i.nrf_sdh_is_enabled  nrf_sdh.o
    0x00029f28   0x0000001c   Code   RO         4730    i.nrf_sdh_request_continue  nrf_sdh.o
    0x00029f44   0x00000080   Code   RO         4895    i.nrf_sdh_soc_evts_poll  nrf_sdh_soc.o
    0x00029fc4   0x0000000a   Code   RO         3740    i.nrf_section_iter_init  nrf_section_iter.o
    0x00029fce   0x00000024   Code   RO         3741    i.nrf_section_iter_item_set  nrf_section_iter.o
    0x00029ff2   0x00000020   Code   RO         3742    i.nrf_section_iter_next  nrf_section_iter.o
    0x0002a012   0x00000002   PAD
    0x0002a014   0x00000038   Code   RO         3775    i.nrf_strerror_find  nrf_strerror.o
    0x0002a04c   0x00000014   Code   RO         3776    i.nrf_strerror_get  nrf_strerror.o
    0x0002a060   0x0000000a   Code   RO         2164    i.nrf_uart_event_check  nrfx_uart.o
    0x0002a06a   0x0000000c   Code   RO         2165    i.nrf_uart_event_clear  nrfx_uart.o
    0x0002a076   0x0000000c   Code   RO         2166    i.nrf_uart_int_enable_check  nrfx_uart.o
    0x0002a082   0x0000000a   Code   RO         2363    i.nrf_uarte_event_check  nrfx_uarte.o
    0x0002a08c   0x0000000c   Code   RO         2364    i.nrf_uarte_event_clear  nrfx_uarte.o
    0x0002a098   0x0000002c   Code   RO         1662    i.nrfx_clock_enable  nrfx_clock.o
    0x0002a0c4   0x00000020   Code   RO         1665    i.nrfx_clock_init   nrfx_clock.o
    0x0002a0e4   0x0000001c   Code   RO         1668    i.nrfx_clock_lfclk_stop  nrfx_clock.o
    0x0002a100   0x00000010   Code   RO         2750    i.nrfx_coredep_delay_us  app_timer.o
    0x0002a110   0x00000048   Code   RO         1806    i.nrfx_gpiote_in_event_disable  nrfx_gpiote.o
    0x0002a158   0x00000098   Code   RO         1807    i.nrfx_gpiote_in_event_enable  nrfx_gpiote.o
    0x0002a1f0   0x000000d4   Code   RO         1808    i.nrfx_gpiote_in_init  nrfx_gpiote.o
    0x0002a2c4   0x0000000e   Code   RO         1809    i.nrfx_gpiote_in_is_set  nrfx_gpiote.o
    0x0002a2d2   0x00000002   PAD
    0x0002a2d4   0x00000074   Code   RO         1811    i.nrfx_gpiote_init  nrfx_gpiote.o
    0x0002a348   0x00000014   Code   RO         1812    i.nrfx_gpiote_is_init  nrfx_gpiote.o
    0x0002a35c   0x00000010   Code   RO         2365    i.nrfx_is_in_ram    nrfx_uarte.o
    0x0002a36c   0x0000003a   Code   RO         2107    i.nrfx_prs_acquire  nrfx_prs.o
    0x0002a3a6   0x00000002   PAD
    0x0002a3a8   0x00000010   Code   RO         2167    i.nrfx_uart_0_irq_handler  nrfx_uart.o
    0x0002a3b8   0x000000d4   Code   RO         2169    i.nrfx_uart_init    nrfx_uart.o
    0x0002a48c   0x000000ec   Code   RO         2170    i.nrfx_uart_rx      nrfx_uart.o
    0x0002a578   0x000000a4   Code   RO         2175    i.nrfx_uart_tx      nrfx_uart.o
    0x0002a61c   0x00000020   Code   RO         2177    i.nrfx_uart_tx_in_progress  nrfx_uart.o
    0x0002a63c   0x00000010   Code   RO         2366    i.nrfx_uarte_0_irq_handler  nrfx_uarte.o
    0x0002a64c   0x0000006c   Code   RO         2368    i.nrfx_uarte_init   nrfx_uarte.o
    0x0002a6b8   0x00000104   Code   RO         2369    i.nrfx_uarte_rx     nrfx_uarte.o
    0x0002a7bc   0x00000090   Code   RO         2372    i.nrfx_uarte_tx     nrfx_uarte.o
    0x0002a84c   0x0000001c   Code   RO         2374    i.nrfx_uarte_tx_in_progress  nrfx_uarte.o
    0x0002a868   0x000001a4   Code   RO           17    i.on_adv_report     main.o
    0x0002aa0c   0x00000114   Code   RO         1099    i.on_characteristic_discovery_rsp  ble_db_discovery.o
    0x0002ab20   0x000000a0   Code   RO         1279    i.on_connected_evt  nrf_ble_gatt.o
    0x0002abc0   0x000000f0   Code   RO         1100    i.on_descriptor_discovery_rsp  ble_db_discovery.o
    0x0002acb0   0x000000a4   Code   RO         1280    i.on_exchange_mtu_request_evt  nrf_ble_gatt.o
    0x0002ad54   0x0000006c   Code   RO         1101    i.on_primary_srv_discovery_rsp  ble_db_discovery.o
    0x0002adc0   0x0000007c   Code   RO         1102    i.on_srv_disc_completion  ble_db_discovery.o
    0x0002ae3c   0x00000018   Code   RO         1828    i.pin_in_use_by_port  nrfx_gpiote.o
    0x0002ae54   0x00000018   Code   RO         1829    i.pin_in_use_by_te  nrfx_gpiote.o
    0x0002ae6c   0x0000003c   Code   RO         4319    i.postfix_process   nrf_log_str_formatter.o
    0x0002aea8   0x00000098   Code   RO         4320    i.prefix_process    nrf_log_str_formatter.o
    0x0002af40   0x00000018   Code   RO         2109    i.prs_box_get       nrfx_prs.o
    0x0002af58   0x00000014   Code   RO         3497    i.queue_free        nrf_fstorage_sd.o
    0x0002af6c   0x000000a0   Code   RO         3498    i.queue_process     nrf_fstorage_sd.o
    0x0002b00c   0x00000038   Code   RO         1103    i.registered_handler_get  ble_db_discovery.o
    0x0002b044   0x0000003c   Code   RO         2751    i.rtc1_stop         app_timer.o
    0x0002b080   0x00000032   Code   RO         2179    i.rx_byte           nrfx_uart.o
    0x0002b0b2   0x00000016   Code   RO         2180    i.rx_done_event     nrfx_uart.o
    0x0002b0c8   0x00000018   Code   RO         2376    i.rx_done_event     nrfx_uarte.o
    0x0002b0e0   0x00000020   Code   RO         2181    i.rx_enable         nrfx_uart.o
    0x0002b100   0x0000005c   Code   RO           18    i.scan_start        main.o
    0x0002b15c   0x00000050   Code   RO         1472    i.sd_state_evt_handler  nrf_drv_clock.o
    0x0002b1ac   0x00000030   Code   RO         4733    i.sdh_request_observer_notify  nrf_sdh.o
    0x0002b1dc   0x0000002c   Code   RO         4734    i.sdh_state_observer_notify  nrf_sdh.o
    0x0002b208   0x00000050   Code   RO         3986    i.serial_tx         nrf_log_backend_rtt.o
    0x0002b258   0x00000018   Code   RO         1473    i.soc_evt_handler   nrf_drv_clock.o
    0x0002b270   0x00000078   Code   RO         4735    i.softdevice_evt_irq_disable  nrf_sdh.o
    0x0002b2e8   0x00000098   Code   RO         4736    i.softdevices_evt_irq_enable  nrf_sdh.o
    0x0002b380   0x0000008c   Code   RO         4155    i.std_n             nrf_log_frontend.o
    0x0002b40c   0x00000080   Code   RO         2752    i.timer_list_handler  app_timer.o
    0x0002b48c   0x0000003c   Code   RO         2753    i.timer_list_insert  app_timer.o
    0x0002b4c8   0x00000060   Code   RO         2754    i.timer_list_remove  app_timer.o
    0x0002b528   0x00000048   Code   RO         2755    i.timer_stop_op_schedule  app_timer.o
    0x0002b570   0x00000074   Code   RO         2756    i.timer_timeouts_check  app_timer.o
    0x0002b5e4   0x00000048   Code   RO         1376    i.tx_buffer_process  ble_lbs_c.o
    0x0002b62c   0x00000020   Code   RO         2182    i.tx_byte           nrfx_uart.o
    0x0002b64c   0x0000001a   Code   RO         2183    i.tx_done_event     nrfx_uart.o
    0x0002b666   0x00000002   PAD
    0x0002b668   0x0000034c   Code   RO           19    i.uart_event_handle  main.o
    0x0002b9b4   0x000000a0   Code   RO         3815    i.uart_event_handler  app_uart_fifo.o
    0x0002ba54   0x00000030   Code   RO         1604    i.uart_evt_handler  nrf_drv_uart.o
    0x0002ba84   0x00000128   Code   RO         2184    i.uart_irq_handler  nrfx_uart.o
    0x0002bbac   0x00000030   Code   RO         1605    i.uarte_evt_handler  nrf_drv_uart.o
    0x0002bbdc   0x000000f4   Code   RO         2377    i.uarte_irq_handler  nrfx_uarte.o
    0x0002bcd0   0x000000b4   Code   RO         3369    i.unsigned_print    nrf_fprintf_format.o
    0x0002bd84   0x00000030   Code   RO         2757    i.user_op_alloc     app_timer.o
    0x0002bdb4   0x00000030   Data   RO           22    .constdata          main.o
    0x0002bde4   0x00000008   Data   RO          423    .constdata          boards.o
    0x0002bdec   0x0000007c   Data   RO         1105    .constdata          ble_db_discovery.o
    0x0002be68   0x00000016   Data   RO         1281    .constdata          nrf_ble_gatt.o
    0x0002be7e   0x00000002   PAD
    0x0002be80   0x0000001c   Data   RO         1378    .constdata          ble_lbs_c.o
    0x0002be9c   0x00000008   Data   RO         1831    .constdata          nrfx_gpiote.o
    0x0002bea4   0x00000004   Data   RO         2187    .constdata          nrfx_uart.o
    0x0002bea8   0x00000004   Data   RO         2380    .constdata          nrfx_uarte.o
    0x0002beac   0x00000008   Data   RO         2524    .constdata          app_button.o
    0x0002beb4   0x0000000c   PAD
    0x0002bec0   0x00000006   Data   RO         2759    .constdata          app_timer.o
    0x0002bec6   0x00000010   Data   RO         3370    .constdata          nrf_fprintf_format.o
    0x0002bed6   0x00000002   PAD
    0x0002bed8   0x00000010   Data   RO         3506    .constdata          nrf_fstorage_sd.o
    0x0002bee8   0x00000018   Data   RO         3676    .constdata          nrf_pwr_mgmt.o
    0x0002bf00   0x0000000c   Data   RO         3677    .constdata          nrf_pwr_mgmt.o
    0x0002bf0c   0x0000013c   Data   RO         3777    .constdata          nrf_strerror.o
    0x0002c048   0x00000020   Data   RO         3817    .constdata          app_uart_fifo.o
    0x0002c068   0x0000000c   Data   RO         3988    .constdata          nrf_log_backend_rtt.o
    0x0002c074   0x0000000c   PAD
    0x0002c080   0x00000006   Data   RO         3989    .constdata          nrf_log_backend_rtt.o
    0x0002c086   0x00000002   PAD
    0x0002c088   0x00000010   Data   RO         4737    .constdata          nrf_sdh.o
    0x0002c098   0x00000028   Data   RO         4738    .constdata          nrf_sdh.o
    0x0002c0c0   0x00000010   Data   RO         4739    .constdata          nrf_sdh.o
    0x0002c0d0   0x00000010   Data   RO         4740    .constdata          nrf_sdh.o
    0x0002c0e0   0x00000020   Data   RO         4848    .constdata          nrf_sdh_ble.o
    0x0002c100   0x00000010   Data   RO         4849    .constdata          nrf_sdh_ble.o
    0x0002c110   0x00000010   Data   RO         4896    .constdata          nrf_sdh_soc.o
    0x0002c120   0x0000000c   Data   RO         4897    .constdata          nrf_sdh_soc.o
    0x0002c12c   0x00000081   Data   RO         4984    .constdata          mc_w.l(ctype_o.o)
    0x0002c1ad   0x00000003   PAD
    0x0002c1b0   0x00000004   Data   RO         4985    .constdata          mc_w.l(ctype_o.o)
    0x0002c1b4   0x00000031   Data   RO           23    .conststring        main.o
    0x0002c1e5   0x00000003   PAD
    0x0002c1e8   0x000000a2   Data   RO         1282    .conststring        nrf_ble_gatt.o
    0x0002c28a   0x00000002   PAD
    0x0002c28c   0x000003eb   Data   RO         3778    .conststring        nrf_strerror.o
    0x0002c677   0x00000001   PAD
    0x0002c678   0x00000066   Data   RO         4321    .conststring        nrf_log_str_formatter.o
    0x0002c6de   0x00000002   PAD
    0x0002c6e0   0x00000188   Data   RO         4850    .conststring        nrf_sdh_ble.o
    0x0002c868   0x0000000c   Data   RO         1106    .conststrlit        ble_db_discovery.o
    0x0002c874   0x0000000d   Data   RO         1283    .conststrlit        nrf_ble_gatt.o
    0x0002c881   0x00000003   PAD
    0x0002c884   0x0000000a   Data   RO         1379    .conststrlit        ble_lbs_c.o
    0x0002c88e   0x00000002   PAD
    0x0002c890   0x00000006   Data   RO         1479    .conststrlit        nrf_drv_clock.o
    0x0002c896   0x00000002   PAD
    0x0002c898   0x00000006   Data   RO         1672    .conststrlit        nrfx_clock.o
    0x0002c89e   0x00000002   PAD
    0x0002c8a0   0x00000007   Data   RO         1835    .conststrlit        nrfx_gpiote.o
    0x0002c8a7   0x00000001   PAD
    0x0002c8a8   0x00000004   Data   RO         2111    .conststrlit        nrfx_prs.o
    0x0002c8ac   0x00000005   Data   RO         2190    .conststrlit        nrfx_uart.o
    0x0002c8b1   0x00000003   PAD
    0x0002c8b4   0x00000006   Data   RO         2383    .conststrlit        nrfx_uarte.o
    0x0002c8ba   0x00000002   PAD
    0x0002c8bc   0x0000000d   Data   RO         3418    .conststrlit        nrf_fstorage.o
    0x0002c8c9   0x00000003   PAD
    0x0002c8cc   0x0000000e   Data   RO         3508    .conststrlit        nrf_fstorage_sd.o
    0x0002c8da   0x00000002   PAD
    0x0002c8dc   0x00000009   Data   RO         3678    .conststrlit        nrf_pwr_mgmt.o
    0x0002c8e5   0x00000003   PAD
    0x0002c8e8   0x00000018   Data   RO         4158    .conststrlit        nrf_log_frontend.o
    0x0002c900   0x00000008   Data   RO         4741    .conststrlit        nrf_sdh.o
    0x0002c908   0x0000000c   Data   RO         4851    .conststrlit        nrf_sdh_ble.o
    0x0002c914   0x0000000c   Data   RO         4898    .conststrlit        nrf_sdh_soc.o
    0x0002c920   0x00000020   Data   RO         5045    Region$$Table       anon$$obj.o
    0x0002c940   0x00000008   Data   RO         1108    log_const_data      ble_db_discovery.o
    0x0002c948   0x00000008   Data   RO         1284    log_const_data      nrf_ble_gatt.o
    0x0002c950   0x00000008   Data   RO         1381    log_const_data      ble_lbs_c.o
    0x0002c958   0x00000008   Data   RO         1480    log_const_data      nrf_drv_clock.o
    0x0002c960   0x00000008   Data   RO         1674    log_const_data      nrfx_clock.o
    0x0002c968   0x00000008   Data   RO         1836    log_const_data      nrfx_gpiote.o
    0x0002c970   0x00000008   Data   RO         2113    log_const_data      nrfx_prs.o
    0x0002c978   0x00000008   Data   RO         2191    log_const_data      nrfx_uart.o
    0x0002c980   0x00000008   Data   RO         2384    log_const_data      nrfx_uarte.o
    0x0002c988   0x00000008   Data   RO         3419    log_const_data      nrf_fstorage.o
    0x0002c990   0x00000008   Data   RO         3511    log_const_data      nrf_fstorage_sd.o
    0x0002c998   0x00000008   Data   RO         3680    log_const_data      nrf_pwr_mgmt.o
    0x0002c9a0   0x00000010   Data   RO         4161    log_const_data      nrf_log_frontend.o
    0x0002c9b0   0x00000008   Data   RO         4743    log_const_data      nrf_sdh.o
    0x0002c9b8   0x00000008   Data   RO         4853    log_const_data      nrf_sdh_ble.o
    0x0002c9c0   0x00000008   Data   RO         4899    log_const_data      nrf_sdh_soc.o
    0x0002c9c8   0x00000018   Data   RO         4163    nrf_balloc          nrf_log_frontend.o
    0x0002c9e0   0x00000008   Data   RO          946    sdh_ble_observers0  ble_conn_state.o
    0x0002c9e8   0x00000028   Data   RO           25    sdh_ble_observers1  main.o
    0x0002ca10   0x00000008   Data   RO          668    sdh_ble_observers1  bsp_btn_ble.o
    0x0002ca18   0x00000020   Data   RO           26    sdh_ble_observers2  main.o
    0x0002ca38   0x00000008   Data   RO           27    sdh_ble_observers3  main.o
    0x0002ca40   0x00000008   Data   RO         3513    sdh_req_observers0  nrf_fstorage_sd.o
    0x0002ca48   0x00000008   Data   RO         1482    sdh_soc_observers0  nrf_drv_clock.o
    0x0002ca50   0x00000008   Data   RO         3514    sdh_soc_observers0  nrf_fstorage_sd.o
    0x0002ca58   0x00000008   Data   RO         4855    sdh_stack_observers0  nrf_sdh_ble.o
    0x0002ca60   0x00000008   Data   RO         4901    sdh_stack_observers0  nrf_sdh_soc.o
    0x0002ca68   0x00000008   Data   RO         1483    sdh_state_observers0  nrf_drv_clock.o
    0x0002ca70   0x00000008   Data   RO         3515    sdh_state_observers0  nrf_fstorage_sd.o


    Execution Region RW_IRAM1 (Base: 0x20004368, Size: 0x00003f78, Max: 0x0003bc98, ABSOLUTE, COMPRESSED[0x00000084])

    Base Addr    Size         Type   Attr      Idx    E Section Name        Object

    0x20004368   0x00000bb4   Data   RW           24    .data               main.o
    0x20004f1c   0x00000008   Data   RW          667    .data               bsp_btn_ble.o
    0x20004f24   0x00000010   Data   RW         1107    .data               ble_db_discovery.o
    0x20004f34   0x00000008   Data   RW         1380    .data               ble_lbs_c.o
    0x20004f3c   0x00000014   Data   RW         1606    .data               nrf_drv_uart.o
    0x20004f50   0x00000008   Data   RW         1673    .data               nrfx_clock.o
    0x20004f58   0x00000008   Data   RW         2112    .data               nrfx_prs.o
    0x20004f60   0x00000020   Data   RW         2525    .data               app_button.o
    0x20004f80   0x00000014   Data   RW         2760    .data               app_timer.o
    0x20004f94   0x00000014   Data   RW         3509    .data               nrf_fstorage_sd.o
    0x20004fa8   0x00000008   Data   RW         3510    .data               nrf_fstorage_sd.o
    0x20004fb0   0x00000008   Data   RW         3679    .data               nrf_pwr_mgmt.o
    0x20004fb8   0x0000001c   Data   RW         3818    .data               app_uart_fifo.o
    0x20004fd4   0x00000001   Data   RW         3990    .data               nrf_log_backend_rtt.o
    0x20004fd5   0x00000003   PAD
    0x20004fd8   0x0000000c   Data   RW         4097    .data               nrf_log_default_backends.o
    0x20004fe4   0x00000008   Data   RW         4159    .data               nrf_log_frontend.o
    0x20004fec   0x00000008   Data   RW         4160    .data               nrf_log_frontend.o
    0x20004ff4   0x00000040   Data   RW         4322    .data               nrf_log_str_formatter.o
    0x20005034   0x00000003   Data   RW         4742    .data               nrf_sdh.o
    0x20005037   0x00000001   Data   RW         4852    .data               nrf_sdh_ble.o
    0x20005038   0x00000004   Data   RW         4936    .data               system_nrf52840.o
    0x2000503c   0x00000004   Data   RW         1109    log_dynamic_data    ble_db_discovery.o
    0x20005040   0x00000004   Data   RW         1285    log_dynamic_data    nrf_ble_gatt.o
    0x20005044   0x00000004   Data   RW         1382    log_dynamic_data    ble_lbs_c.o
    0x20005048   0x00000004   Data   RW         1481    log_dynamic_data    nrf_drv_clock.o
    0x2000504c   0x00000004   Data   RW         1675    log_dynamic_data    nrfx_clock.o
    0x20005050   0x00000004   Data   RW         1837    log_dynamic_data    nrfx_gpiote.o
    0x20005054   0x00000004   Data   RW         2114    log_dynamic_data    nrfx_prs.o
    0x20005058   0x00000004   Data   RW         2192    log_dynamic_data    nrfx_uart.o
    0x2000505c   0x00000004   Data   RW         2385    log_dynamic_data    nrfx_uarte.o
    0x20005060   0x00000004   Data   RW         3420    log_dynamic_data    nrf_fstorage.o
    0x20005064   0x00000004   Data   RW         3512    log_dynamic_data    nrf_fstorage_sd.o
    0x20005068   0x00000004   Data   RW         3681    log_dynamic_data    nrf_pwr_mgmt.o
    0x2000506c   0x00000008   Data   RW         4162    log_dynamic_data    nrf_log_frontend.o
    0x20005074   0x00000004   Data   RW         4744    log_dynamic_data    nrf_sdh.o
    0x20005078   0x00000004   Data   RW         4854    log_dynamic_data    nrf_sdh_ble.o
    0x2000507c   0x00000004   Data   RW         4900    log_dynamic_data    nrf_sdh_soc.o
    0x20005080   0x00000360   Zero   RW           20    .bss                main.o
    0x200053e0   0x0000001f   Zero   RW           21    .bss                main.o
    0x200053ff   0x0000000c   Zero   RW          563    .bss                bsp.o
    0x2000540b   0x00000001   PAD
    0x2000540c   0x00000078   Zero   RW          945    .bss                ble_conn_state.o
    0x20005484   0x00000318   Zero   RW         1104    .bss                ble_db_discovery.o
    0x2000579c   0x000000a0   Zero   RW         1377    .bss                ble_lbs_c.o
    0x2000583c   0x00000014   Zero   RW         1474    .bss                nrf_drv_clock.o
    0x20005850   0x0000006c   Zero   RW         1830    .bss                nrfx_gpiote.o
    0x200058bc   0x0000002c   Zero   RW         2185    .bss                nrfx_uart.o
    0x200058e8   0x00000024   Zero   RW         2378    .bss                nrfx_uarte.o
    0x2000590c   0x00000020   Zero   RW         2523    .bss                app_button.o
    0x2000592c   0x00000020   Zero   RW         2584    .bss                app_error.o
    0x2000594c   0x0000010c   Zero   RW         2758    .bss                app_timer.o
    0x20005a58   0x0000000c   Zero   RW         2908    .bss                app_util_platform.o
    0x20005a64   0x000000a0   Zero   RW         3505    .bss                nrf_fstorage_sd.o
    0x20005b04   0x0000000c   Zero   RW         3675    .bss                nrf_pwr_mgmt.o
    0x20005b10   0x00000020   Zero   RW         3816    .bss                app_uart_fifo.o
    0x20005b30   0x00000040   Zero   RW         3987    .bss                nrf_log_backend_rtt.o
    0x20005b70   0x000000c0   Zero   RW         4156    .bss                nrf_log_frontend.o
    0x20005c30   0x00000424   Zero   RW         4157    .bss                nrf_log_frontend.o
    0x20006054   0x00000288   Zero   RW         4398    .bss                segger_rtt.o
    0x200062dc   0x00000004   PAD
    0x200062e0   0x00002000   Zero   RW         4924    STACK               arm_startup_nrf52840.o


==============================================================================

Image component sizes


      Code (inc. data)   RO Data    RW Data    ZI Data      Debug   Object Name

       488         46          8         32         32      13823   app_button.o
       100          4          0          0         32       3406   app_error.o
        26          0          0          0          0        576   app_error_handler_keil.o
       372        190          0          0          0       4842   app_error_weak.o
       118          0          0          0          0       4470   app_fifo.o
      1506        118          6         20        268      48531   app_timer.o
       588        120         32         28         32      21654   app_uart_fifo.o
       124         14          0          0         12       9466   app_util_platform.o
        36          8        512          0       8192        936   arm_startup_nrf52840.o
       124          0          0          0          0      29087   ble_advdata.o
         0          0          0          0          0       5076   ble_advertising.o
       458         74          8          0        120       8051   ble_conn_state.o
      1658         78        144         20        792      19015   ble_db_discovery.o
       626         30         46         12        160      18606   ble_lbs_c.o
       250         22          8          0          0      49209   boards.o
        68          4          0          0         12       6792   bsp.o
       182          6          8          8          0       3260   bsp_btn_ble.o
      2954        630        177       2996        895     139894   main.o
       244          0          0          0          0       5677   nrf_atfifo.o
        64          0          0          0          0       2972   nrf_atflags.o
       306          0          0          0          0       8055   nrf_atomic.o
       164          0          0          0          0       3652   nrf_balloc.o
       936        254        205          4          0      36332   nrf_ble_gatt.o
       276         34         30          4         20      37730   nrf_drv_clock.o
       200         26          0         20          0      17716   nrf_drv_uart.o
        50          0          0          0          0       3541   nrf_fprintf.o
       850          4         16          0          0       5498   nrf_fprintf_format.o
         0          0         21          4          0       1809   nrf_fstorage.o
       484         42         62         32        160       9725   nrf_fstorage_sd.o
       112         18         18          1         64       6373   nrf_log_backend_rtt.o
       200          0          0          0          0      10811   nrf_log_backend_serial.o
        28          6          0         12          0       3202   nrf_log_default_backends.o
      1518        118         64         24       1252      30882   nrf_log_frontend.o
       566        108        102         64          0       5816   nrf_log_str_formatter.o
       330          0          0          0          0       8175   nrf_memobj.o
       108         16         53         12         12      36463   nrf_pwr_mgmt.o
       680        180        104          7          0      41752   nrf_sdh.o
       744        288        468          5          0       5961   nrf_sdh_ble.o
       128         68         56          4          0       2592   nrf_sdh_soc.o
        78          0          0          0          0       2788   nrf_section_iter.o
        76         10       1319          0          0       2755   nrf_strerror.o
       222         28         14         12          0      41128   nrfx_clock.o
      1450         98         23          4        108      60669   nrfx_gpiote.o
        94         16         12         12          0       3861   nrfx_prs.o
      1406         42         17          4         44      32398   nrfx_uart.o
      1244         44         18          4         36      24933   nrfx_uarte.o
       378         34          0          0        648       9025   segger_rtt.o
       476         60          0          4          0      28966   system_nrf52840.o

    ----------------------------------------------------------------------
     23130       2838       3644       3352      12896     877951   Object Totals
         0          0         32          0          0          0   (incl. Generated)
        40          0         61          3          5          0   (incl. Padding)

    ----------------------------------------------------------------------

      Code (inc. data)   RO Data    RW Data    ZI Data      Debug   Library Member Name

        86          0          0          0          0          0   __dczerorl2.o
         8          4        133          0          0         68   ctype_o.o
         0          0          0          0          0          0   entry.o
         0          0          0          0          0          0   entry10a.o
         0          0          0          0          0          0   entry11a.o
         8          4          0          0          0          0   entry2.o
         4          0          0          0          0          0   entry5.o
         0          0          0          0          0          0   entry7b.o
         0          0          0          0          0          0   entry8b.o
         8          4          0          0          0          0   entry9a.o
        30          0          0          0          0          0   handlers.o
        36          8          0          0          0         68   init.o
        30          0          0          0          0         68   llshl.o
        26          0          0          0          0         80   memcmp.o
        36          0          0          0          0         68   memcpya.o
        36          0          0          0          0        108   memseta.o
        18          0          0          0          0         68   strcpy.o
        14          0          0          0          0         68   strlen.o

    ----------------------------------------------------------------------
       346         20        136          0          0        596   Library Totals
         6          0          3          0          0          0   (incl. Padding)

    ----------------------------------------------------------------------

      Code (inc. data)   RO Data    RW Data    ZI Data      Debug   Library Name

       340         20        133          0          0        596   mc_w.l

    ----------------------------------------------------------------------
       346         20        136          0          0        596   Library Totals

    ----------------------------------------------------------------------

==============================================================================


      Code (inc. data)   RO Data    RW Data    ZI Data      Debug   

     23476       2858       3780       3352      12896     851623   Grand Totals
     23476       2858       3780        132      12896     851623   ELF Image Totals (compressed)
     23476       2858       3780        132          0          0   ROM Totals

==============================================================================

    Total RO  Size (Code + RO Data)                27256 (  26.62kB)
    Total RW  Size (RW Data + ZI Data)             16248 (  15.87kB)
    Total ROM Size (Code + RO Data + RW Data)      27388 (  26.75kB)

==============================================================================

