<html>
<body>
<pre>
<h1>µVision Build Log</h1>
<h2>Tool Versions:</h2>
IDE-Version: ¦ÌVision V5.18a
Copyright (C) 2016 ARM Ltd and ARM Germany GmbH. All rights reserved.
License Information: mao xinxin, thu, LIC=03C6R-KVYMR-2ZPW4-FYXN0-6JJCT-BE638
 
Tool Versions:
Toolchain:       MDK-ARM Standard  Version: 5.18a
Toolchain Path:  C:\Keil_v5\ARM\ARMCC\Bin
C Compiler:      Armcc.exe V5.06 update 1 (build 61)
Assembler:       Armasm.exe V5.06 update 1 (build 61)
Linker/Locator:  ArmLink.exe V5.06 update 1 (build 61)
Library Manager: ArmAr.exe V5.06 update 1 (build 61)
Hex Converter:   FromElf.exe V5.06 update 1 (build 61)
CPU DLL:         
Dialog DLL:      
Target DLL:      Segger\JL2CM3.dll V2.99.19.0
Dialog DLL:      TCM.DLL V1.14.8.0
 
<h2>Project:</h2>
C:\Users\maoxi\Desktop\nRF52832\BLEproject\ECG_1_4\ECG_master\examples\ble_central\ECG_1_4\pca10040\s132\arm5_no_packs\ble_app_multilink_central_pca10040_s132.uvprojx
Project File Date:  06/13/2022

<h2>Output:</h2>
*** Using Compiler 'V5.06 update 1 (build 61)', folder: 'C:\Keil_v5\ARM\ARMCC\Bin'
Build target 'nrf52832_xxaa'
compiling peer_id.c...
"no source": Error:  #5: cannot open source input file "..\..\..\..\..\..\..\..\EEG\nRF5_SDK_15.2.0_9412b96\components\ble\peer_manager\peer_id.c": No such file or directory
..\..\..\..\..\..\..\..\EEG\nRF5_SDK_15.2.0_9412b96\components\ble\peer_manager\peer_id.c: 0 warnings, 1 error
compiling gatt_cache_manager.c...
"no source": Error:  #5: cannot open source input file "..\..\..\..\..\..\..\..\EEG\nRF5_SDK_15.2.0_9412b96\components\ble\peer_manager\gatt_cache_manager.c": No such file or directory
..\..\..\..\..\..\..\..\EEG\nRF5_SDK_15.2.0_9412b96\components\ble\peer_manager\gatt_cache_manager.c: 0 warnings, 1 error
compiling peer_data_storage.c...
"no source": Error:  #5: cannot open source input file "..\..\..\..\..\..\..\..\EEG\nRF5_SDK_15.2.0_9412b96\components\ble\peer_manager\peer_data_storage.c": No such file or directory
..\..\..\..\..\..\..\..\EEG\nRF5_SDK_15.2.0_9412b96\components\ble\peer_manager\peer_data_storage.c: 0 warnings, 1 error
compiling peer_database.c...
"no source": Error:  #5: cannot open source input file "..\..\..\..\..\..\..\..\EEG\nRF5_SDK_15.2.0_9412b96\components\ble\peer_manager\peer_database.c": No such file or directory
..\..\..\..\..\..\..\..\EEG\nRF5_SDK_15.2.0_9412b96\components\ble\peer_manager\peer_database.c: 0 warnings, 1 error
compiling security_manager.c...
"no source": Error:  #5: cannot open source input file "..\..\..\..\..\..\..\..\EEG\nRF5_SDK_15.2.0_9412b96\components\ble\peer_manager\security_manager.c": No such file or directory
..\..\..\..\..\..\..\..\EEG\nRF5_SDK_15.2.0_9412b96\components\ble\peer_manager\security_manager.c: 0 warnings, 1 error
compiling peer_manager.c...
"no source": Error:  #5: cannot open source input file "..\..\..\..\..\..\..\..\EEG\nRF5_SDK_15.2.0_9412b96\components\ble\peer_manager\peer_manager.c": No such file or directory
..\..\..\..\..\..\..\..\EEG\nRF5_SDK_15.2.0_9412b96\components\ble\peer_manager\peer_manager.c: 0 warnings, 1 error
compiling security_dispatcher.c...
"no source": Error:  #5: cannot open source input file "..\..\..\..\..\..\..\..\EEG\nRF5_SDK_15.2.0_9412b96\components\ble\peer_manager\security_dispatcher.c": No such file or directory
..\..\..\..\..\..\..\..\EEG\nRF5_SDK_15.2.0_9412b96\components\ble\peer_manager\security_dispatcher.c: 0 warnings, 1 error
compiling id_manager.c...
"no source": Error:  #5: cannot open source input file "..\..\..\..\..\..\..\..\EEG\nRF5_SDK_15.2.0_9412b96\components\ble\peer_manager\id_manager.c": No such file or directory
..\..\..\..\..\..\..\..\EEG\nRF5_SDK_15.2.0_9412b96\components\ble\peer_manager\id_manager.c: 0 warnings, 1 error
compiling fds.c...
"no source": Error:  #5: cannot open source input file "..\..\..\..\..\..\..\..\EEG\nRF5_SDK_15.2.0_9412b96\components\libraries\fds\fds.c": No such file or directory
..\..\..\..\..\..\..\..\EEG\nRF5_SDK_15.2.0_9412b96\components\libraries\fds\fds.c: 0 warnings, 1 error
compiling crc16.c...
"no source": Error:  #5: cannot open source input file "..\..\..\..\..\..\..\..\EEG\nRF5_SDK_15.2.0_9412b96\components\libraries\crc16\crc16.c": No such file or directory
..\..\..\..\..\..\..\..\EEG\nRF5_SDK_15.2.0_9412b96\components\libraries\crc16\crc16.c: 0 warnings, 1 error
compiling gatts_cache_manager.c...
"no source": Error:  #5: cannot open source input file "..\..\..\..\..\..\..\..\EEG\nRF5_SDK_15.2.0_9412b96\components\ble\peer_manager\gatts_cache_manager.c": No such file or directory
..\..\..\..\..\..\..\..\EEG\nRF5_SDK_15.2.0_9412b96\components\ble\peer_manager\gatts_cache_manager.c: 0 warnings, 1 error
compiling pm_buffer.c...
"no source": Error:  #5: cannot open source input file "..\..\..\..\..\..\..\..\EEG\nRF5_SDK_15.2.0_9412b96\components\ble\peer_manager\pm_buffer.c": No such file or directory
..\..\..\..\..\..\..\..\EEG\nRF5_SDK_15.2.0_9412b96\components\ble\peer_manager\pm_buffer.c: 0 warnings, 1 error
linking...
Program Size: Code=23868 RO-data=3844 RW-data=3348 ZI-data=12876  
FromELF: creating hex file...
".\_build\nrf52832_xxaa.axf" - 0 Error(s), 0 Warning(s).

<h2>Software Packages used:</h2>

Package Vendor: ARM
                http://www.keil.com/pack/ARM.CMSIS.4.5.0.pack
                ARM::CMSIS:CORE:4.3.0
                CMSIS (Cortex Microcontroller Software Interface Standard)
   * Component: CORE Version: 4.3.0

Package Vendor: NordicSemiconductor
                http://developer.nordicsemi.com/nRF5_SDK/pieces/nRF_DeviceFamilyPack/NordicSemiconductor.nRF_DeviceFamilyPack.8.16.0.pack
                NordicSemiconductor::Device:Startup:8.16.0
                Nordic Semiconductor nRF ARM devices Device Family Pack.
   * Component: Startup Version: 8.16.0

<h2>Collection of Component include folders:</h2>
  C:\Users\maoxi\Desktop\nRF52832\BLEproject\ECG_1_4\ECG_master\examples\ble_central\ECG_1_4\pca10040\s132\arm5_no_packs\RTE
  C:\Keil_v5\ARM\PACK\ARM\CMSIS\4.5.0\CMSIS\Include
  C:\Keil_v5\ARM\PACK\NordicSemiconductor\nRF_DeviceFamilyPack\8.16.0\Device\Include
  C:\Keil_v5\ARM\PACK\NordicSemiconductor\nRF_DeviceFamilyPack\8.42.0\Device\Include

<h2>Collection of Component Files used:</h2>

   * Component: ARM::CMSIS:CORE:4.3.0

   * Component: NordicSemiconductor::Device:Startup:8.16.0
      Source file:   Device\Source\system_nrf52.c
      Include file:  Device\Include\system_nrf52.h
      Source file:   Device\Source\arm\arm_startup_nrf52.s
Build Time Elapsed:  00:00:09
</pre>
</body>
</html>
